Component: ARM Compiler 5.06 update 5 (build 528) Tool: armlink [4d35e2]

==============================================================================

Section Cross References

    startup_stm32f103xb.o(RESET) refers to startup_stm32f103xb.o(STACK) for __initial_sp
    startup_stm32f103xb.o(RESET) refers to startup_stm32f103xb.o(.text) for Reset_Handler
    startup_stm32f103xb.o(RESET) refers to stm32f1xx_it.o(i.NMI_Handler) for NMI_Handler
    startup_stm32f103xb.o(RESET) refers to stm32f1xx_it.o(i.HardFault_Handler) for HardFault_Handler
    startup_stm32f103xb.o(RESET) refers to stm32f1xx_it.o(i.MemManage_Handler) for MemManage_Handler
    startup_stm32f103xb.o(RESET) refers to stm32f1xx_it.o(i.BusFault_Handler) for BusFault_Handler
    startup_stm32f103xb.o(RESET) refers to stm32f1xx_it.o(i.UsageFault_Handler) for UsageFault_Handler
    startup_stm32f103xb.o(RESET) refers to port.o(.emb_text) for SVC_Handler
    startup_stm32f103xb.o(RESET) refers to stm32f1xx_it.o(i.DebugMon_Handler) for DebugMon_Handler
    startup_stm32f103xb.o(RESET) refers to cmsis_os2.o(i.SysTick_Handler) for SysTick_Handler
    startup_stm32f103xb.o(RESET) refers to stm32f1xx_it.o(i.TIM2_IRQHandler) for TIM2_IRQHandler
    startup_stm32f103xb.o(.text) refers to system_stm32f1xx.o(i.SystemInit) for SystemInit
    startup_stm32f103xb.o(.text) refers to entry.o(.ARM.Collect$$$$00000000) for __main
    main.o(i.HAL_TIM_PeriodElapsedCallback) refers to stm32f1xx_hal.o(i.HAL_IncTick) for HAL_IncTick
    main.o(i.SystemClock_Config) refers to memseta.o(.text) for __aeabi_memclr4
    main.o(i.SystemClock_Config) refers to stm32f1xx_hal_rcc.o(i.HAL_RCC_OscConfig) for HAL_RCC_OscConfig
    main.o(i.SystemClock_Config) refers to stm32f1xx_hal_rcc.o(i.HAL_RCC_ClockConfig) for HAL_RCC_ClockConfig
    main.o(i.main) refers to stm32f1xx_hal.o(i.HAL_Init) for HAL_Init
    main.o(i.main) refers to main.o(i.SystemClock_Config) for SystemClock_Config
    main.o(i.main) refers to usart.o(i.MX_USART1_UART_Init) for MX_USART1_UART_Init
    main.o(i.main) refers to led.o(i.LED_Init) for LED_Init
    main.o(i.main) refers to hc_sr04.o(i.HC_SR04_Init) for HC_SR04_Init
    main.o(i.main) refers to tim3.o(i.TIM3_Init) for TIM3_Init
    main.o(i.main) refers to filter.o(i.Filter_Init) for Filter_Init
    main.o(i.main) refers to park_state.o(i.ParkState_Init) for ParkState_Init
    main.o(i.main) refers to cmsis_os2.o(i.osKernelInitialize) for osKernelInitialize
    main.o(i.main) refers to freertos.o(i.MX_FREERTOS_Init) for MX_FREERTOS_Init
    main.o(i.main) refers to cmsis_os2.o(i.osKernelStart) for osKernelStart
    gpio.o(i.MX_GPIO_Init) refers to stm32f1xx_hal_gpio.o(i.HAL_GPIO_WritePin) for HAL_GPIO_WritePin
    gpio.o(i.MX_GPIO_Init) refers to stm32f1xx_hal_gpio.o(i.HAL_GPIO_Init) for HAL_GPIO_Init
    gpio.o(i.MX_GPIO_Init) refers to printfa.o(i.__0printf) for __2printf
    freertos.o(i.MX_FREERTOS_Init) refers to cmsis_os2.o(i.osThreadNew) for osThreadNew
    freertos.o(i.MX_FREERTOS_Init) refers to freertos.o(.constdata) for .constdata
    freertos.o(i.MX_FREERTOS_Init) refers to freertos.o(i.StartDefaultTask) for StartDefaultTask
    freertos.o(i.MX_FREERTOS_Init) refers to freertos.o(.data) for .data
    freertos.o(i.StartDefaultTask) refers to printfa.o(i.__0printf) for __2printf
    freertos.o(i.StartDefaultTask) refers to port.o(i.vPortEnterCritical) for vPortEnterCritical
    freertos.o(i.StartDefaultTask) refers to cmsis_os2.o(i.osThreadNew) for osThreadNew
    freertos.o(i.StartDefaultTask) refers to port.o(i.vPortExitCritical) for vPortExitCritical
    freertos.o(i.StartDefaultTask) refers to tasks.o(i.vTaskDelete) for vTaskDelete
    freertos.o(i.StartDefaultTask) refers to freertos.o(.constdata) for .constdata
    freertos.o(i.StartDefaultTask) refers to freertos.o(i.Task_Sensor) for Task_Sensor
    freertos.o(i.StartDefaultTask) refers to freertos.o(.data) for .data
    freertos.o(i.StartDefaultTask) refers to freertos.o(i.Task_Park) for Task_Park
    freertos.o(i.StartDefaultTask) refers to freertos.o(i.Task_UART) for Task_UART
    freertos.o(i.StartDefaultTask) refers to freertos.o(i.Task_LowPower) for Task_LowPower
    freertos.o(i.Task_LowPower) refers to cmsis_os2.o(i.osDelay) for osDelay
    freertos.o(i.Task_Park) refers to task_park.o(i.park_state_task) for park_state_task
    freertos.o(i.Task_Park) refers to cmsis_os2.o(i.osDelay) for osDelay
    freertos.o(i.Task_Sensor) refers to task_sensor.o(i.get_sensor_data_task) for get_sensor_data_task
    freertos.o(i.Task_Sensor) refers to cmsis_os2.o(i.osDelay) for osDelay
    freertos.o(i.Task_Sensor) refers to main.o(.bss) for ParkData
    freertos.o(i.Task_UART) refers to cmsis_os2.o(i.osDelay) for osDelay
    freertos.o(.constdata) refers to freertos.o(.conststring) for .conststring
    usart.o(i.HAL_UART_MspDeInit) refers to stm32f1xx_hal_gpio.o(i.HAL_GPIO_DeInit) for HAL_GPIO_DeInit
[...]
    ..\Drivers\STM32F1xx_HAL_Driver\Src\stm32f1xx_hal_tim.c 0x00000000   Number         0  stm32f1xx_hal_tim.o ABSOLUTE
    ..\Drivers\STM32F1xx_HAL_Driver\Src\stm32f1xx_hal_tim_ex.c 0x00000000   Number         0  stm32f1xx_hal_tim_ex.o ABSOLUTE
    ..\Drivers\STM32F1xx_HAL_Driver\Src\stm32f1xx_hal_uart.c 0x00000000   Number         0  stm32f1xx_hal_uart.o ABSOLUTE
    ..\Hardware\src\HC_SR04.c                0x00000000   Number         0  hc_sr04.o ABSOLUTE
    ..\Hardware\src\led.c                    0x00000000   Number         0  led.o ABSOLUTE
    ..\Middlewares\Third_Party\FreeRTOS\Source\CMSIS_RTOS_V2\cmsis_os2.c 0x00000000   Number         0  cmsis_os2.o ABSOLUTE
    ..\Middlewares\Third_Party\FreeRTOS\Source\portable\RVDS\ARM_CM3\port.c 0x00000000   Number         0  port.o ABSOLUTE
    ..\\Algorithm\\src\\filter.c             0x00000000   Number         0  filter.o ABSOLUTE
    ..\\Algorithm\\src\\park_state.c         0x00000000   Number         0  park_state.o ABSOLUTE
    ..\\App\\src\\task_park.c                0x00000000   Number         0  task_park.o ABSOLUTE
    ..\\App\\src\\task_sensor.c              0x00000000   Number         0  task_sensor.o ABSOLUTE
    ..\\Core\\Src\\tim3.c                    0x00000000   Number         0  tim3.o ABSOLUTE
    ..\\Hardware\\src\\HC_SR04.c             0x00000000   Number         0  hc_sr04.o ABSOLUTE
    ..\\Hardware\\src\\led.c                 0x00000000   Number         0  led.o ABSOLUTE
    ..\ai\src\ai_parking.c                   0x00000000   Number         0  ai_parking.o ABSOLUTE
    cdrcmple.s                               0x00000000   Number         0  cdrcmple.o ABSOLUTE
    cfcmple.s                                0x00000000   Number         0  cfcmple.o ABSOLUTE
    cfrcmple.s                               0x00000000   Number         0  cfrcmple.o ABSOLUTE
    dc.s                                     0x00000000   Number         0  dc.o ABSOLUTE
    handlers.s                               0x00000000   Number         0  handlers.o ABSOLUTE
    init.s                                   0x00000000   Number         0  init.o ABSOLUTE
    startup_stm32f103xb.s                    0x00000000   Number         0  startup_stm32f103xb.o ABSOLUTE
    RESET                                    0x08000000   Section      236  startup_stm32f103xb.o(RESET)
    .ARM.Collect$$$$00000000                 0x080000ec   Section        0  entry.o(.ARM.Collect$$$$00000000)
    .ARM.Collect$$$$00000001                 0x080000ec   Section        4  entry2.o(.ARM.Collect$$$$00000001)
    .ARM.Collect$$$$00000004                 0x080000f0   Section        4  entry5.o(.ARM.Collect$$$$00000004)
    .ARM.Collect$$$$00000008                 0x080000f4   Section        0  entry7b.o(.ARM.Collect$$$$00000008)
    .ARM.Collect$$$$0000000A                 0x080000f4   Section        0  entry8b.o(.ARM.Collect$$$$0000000A)
    .ARM.Collect$$$$0000000B                 0x080000f4   Section        8  entry9a.o(.ARM.Collect$$$$0000000B)
    .ARM.Collect$$$$0000000D                 0x080000fc   Section        0  entry10a.o(.ARM.Collect$$$$0000000D)
    .ARM.Collect$$$$0000000F                 0x080000fc   Section        0  entry11a.o(.ARM.Collect$$$$0000000F)
    .ARM.Collect$$$$00002712                 0x080000fc   Section        4  entry2.o(.ARM.Collect$$$$00002712)
    __lit__00000000                          0x080000fc   Data           4  entry2.o(.ARM.Collect$$$$00002712)
    .emb_text                                0x08000100   Section      150  port.o(.emb_text)
    .text                                    0x08000198   Section       36  startup_stm32f103xb.o(.text)
    .text                                    0x080001bc   Section        0  llushr.o(.text)
    .text                                    0x080001dc   Section        0  memcpya.o(.text)
    .text                                    0x08000200   Section        0  memseta.o(.text)
    .text                                    0x08000224   Section        0  fadd.o(.text)
    .text                                    0x080002d4   Section        0  fscalb.o(.text)
    .text                                    0x080002ec   Section        0  dmul.o(.text)
    .text                                    0x080003d0   Section        0  dfltui.o(.text)
    .text                                    0x080003ea   Section        0  f2d.o(.text)
    .text                                    0x08000410   Section        0  d2f.o(.text)
    .text                                    0x08000448   Section       20  cfcmple.o(.text)
    .text                                    0x0800045c   Section       20  cfrcmple.o(.text)
    .text                                    0x08000470   Section        0  uidiv.o(.text)
    .text                                    0x0800049c   Section        0  uldiv.o(.text)
    .text                                    0x080004fe   Section        0  fepilogue.o(.text)
    .text                                    0x080004fe   Section        0  iusefp.o(.text)
    .text                                    0x0800056c   Section        0  depilogue.o(.text)
    .text                                    0x08000626   Section        0  dadd.o(.text)
    .text                                    0x08000774   Section        0  ddiv.o(.text)
    .text                                    0x08000852   Section        0  dfixul.o(.text)
    .text                                    0x08000884   Section       48  cdrcmple.o(.text)
    .text                                    0x080008b4   Section       36  init.o(.text)
    .text                                    0x080008d8   Section        0  llshl.o(.text)
    .text                                    0x080008f6   Section        0  llsshr.o(.text)
    i.BusFault_Handler                       0x0800091a   Section        0  stm32f1xx_it.o(i.BusFault_Handler)
    i.DebugMon_Handler                       0x0800091c   Section        0  stm32f1xx_it.o(i.DebugMon_Handler)
    i.Error_Handler                          0x0800091e   Section        0  main.o(i.Error_Handler)
    i.Filter_GetValue                        0x08000924   Section        0  filter.o(i.Filter_GetValue)
    i.Filter_Init                            0x080009c8   Section        0  filter.o(i.Filter_Init)
    i.HAL_GPIO_Init                          0x080009ec   Section        0  stm32f1xx_hal_gpio.o(i.HAL_GPIO_Init)
    i.HAL_GPIO_ReadPin                       0x08000bcc   Section        0  stm32f1xx_hal_gpio.o(i.HAL_GPIO_ReadPin)
    i.HAL_GPIO_WritePin                      0x08000bd6   Section        0  stm32f1xx_hal_gpio.o(i.HAL_GPIO_WritePin)
    i.HAL_GetTick                            0x08000be0   Section        0  stm32f1xx_hal.o(i.HAL_GetTick)
    i.HAL_IncTick                            0x08000bec   Section        0  stm32f1xx_hal.o(i.HAL_IncTick)
    i.HAL_Init                               0x08000bfc   Section        0  stm32f1xx_hal.o(i.HAL_Init)
    i.HAL_InitTick                           0x08000c20   Section        0  stm32f1xx_hal_timebase_tim.o(i.HAL_InitTick)
    i.HAL_MspInit                            0x08000cb8   Section        0  stm32f1xx_hal_msp.o(i.HAL_MspInit)
    i.HAL_NVIC_EnableIRQ                     0x08000d00   Section        0  stm32f1xx_hal_cortex.o(i.HAL_NVIC_EnableIRQ)
    i.HAL_NVIC_SetPriority                   0x08000d1c   Section        0  stm32f1xx_hal_cortex.o(i.HAL_NVIC_SetPriority)
    i.HAL_NVIC_SetPriorityGrouping           0x08000d5c   Section        0  stm32f1xx_hal_cortex.o(i.HAL_NVIC_SetPriorityGrouping)
    i.HAL_RCC_ClockConfig                    0x08000d80   Section        0  stm32f1xx_hal_rcc.o(i.HAL_RCC_ClockConfig)
    i.HAL_RCC_GetClockConfig                 0x08000eac   Section        0  stm32f1xx_hal_rcc.o(i.HAL_RCC_GetClockConfig)
    i.HAL_RCC_GetPCLK1Freq                   0x08000eec   Section        0  stm32f1xx_hal_rcc.o(i.HAL_RCC_GetPCLK1Freq)
    i.HAL_RCC_GetPCLK2Freq                   0x08000f0c   Section        0  stm32f1xx_hal_rcc.o(i.HAL_RCC_GetPCLK2Freq)
    i.HAL_RCC_GetSysClockFreq                0x08000f2c   Section        0  stm32f1xx_hal_rcc.o(i.HAL_RCC_GetSysClockFreq)
    i.HAL_RCC_OscConfig                      0x08000f78   Section        0  stm32f1xx_hal_rcc.o(i.HAL_RCC_OscConfig)
    i.HAL_TIMEx_BreakCallback                0x08001298   Section        0  stm32f1xx_hal_tim_ex.o(i.HAL_TIMEx_BreakCallback)
    i.HAL_TIMEx_CommutCallback               0x0800129a   Section        0  stm32f1xx_hal_tim_ex.o(i.HAL_TIMEx_CommutCallback)
    i.HAL_TIM_Base_Init                      0x0800129c   Section        0  stm32f1xx_hal_tim.o(i.HAL_TIM_Base_Init)
    i.HAL_TIM_Base_MspInit                   0x080012f6   Section        0  stm32f1xx_hal_tim.o(i.HAL_TIM_Base_MspInit)
    i.HAL_TIM_Base_Start                     0x080012f8   Section        0  stm32f1xx_hal_tim.o(i.HAL_TIM_Base_Start)
    i.HAL_TIM_Base_Start_IT                  0x08001348   Section        0  stm32f1xx_hal_tim.o(i.HAL_TIM_Base_Start_IT)
    i.HAL_TIM_Base_Stop                      0x080013a0   Section        0  stm32f1xx_hal_tim.o(i.HAL_TIM_Base_Stop)
    i.HAL_TIM_IC_CaptureCallback             0x080013c6   Section        0  stm32f1xx_hal_tim.o(i.HAL_TIM_IC_CaptureCallback)
    i.HAL_TIM_IRQHandler                     0x080013c8   Section        0  stm32f1xx_hal_tim.o(i.HAL_TIM_IRQHandler)
    i.HAL_TIM_OC_DelayElapsedCallback        0x080014f8   Section        0  stm32f1xx_hal_tim.o(i.HAL_TIM_OC_DelayElapsedCallback)
    i.HAL_TIM_PWM_PulseFinishedCallback      0x080014fa   Section        0  stm32f1xx_hal_tim.o(i.HAL_TIM_PWM_PulseFinishedCallback)
    i.HAL_TIM_PeriodElapsedCallback          0x080014fc   Section        0  main.o(i.HAL_TIM_PeriodElapsedCallback)
    i.HAL_TIM_TriggerCallback                0x0800150a   Section        0  stm32f1xx_hal_tim.o(i.HAL_TIM_TriggerCallback)
    i.HAL_UART_Init                          0x0800150c   Section        0  stm32f1xx_hal_uart.o(i.HAL_UART_Init)
    i.HAL_UART_MspInit                       0x08001570   Section        0  usart.o(i.HAL_UART_MspInit)
    i.HAL_UART_Transmit                      0x080015e0   Section        0  stm32f1xx_hal_uart.o(i.HAL_UART_Transmit)
    i.HC_SR04_GetDistance                    0x08001680   Section        0  hc_sr04.o(i.HC_SR04_GetDistance)
    i.HC_SR04_Init                           0x08001728   Section        0  hc_sr04.o(i.HC_SR04_Init)
    i.HardFault_Handler                      0x080017a0   Section        0  stm32f1xx_it.o(i.HardFault_Handler)
    i.LED_Init                               0x080017a4   Section        0  led.o(i.LED_Init)
    i.MX_FREERTOS_Init                       0x0800181c   Section        0  freertos.o(i.MX_FREERTOS_Init)
    i.MX_USART1_UART_Init                    0x0800183c   Section        0  usart.o(i.MX_USART1_UART_Init)
    i.MemManage_Handler                      0x08001890   Section        0  stm32f1xx_it.o(i.MemManage_Handler)
    i.NMI_Handler                            0x08001892   Section        0  stm32f1xx_it.o(i.NMI_Handler)
    i.ParkState_Init                         0x08001894   Section        0  park_state.o(i.ParkState_Init)
    i.ParkState_Update                       0x080018ac   Section        0  park_state.o(i.ParkState_Update)
    i.StartDefaultTask                       0x080018e4   Section        0  freertos.o(i.StartDefaultTask)
    i.SysTick_Handler                        0x0800198c   Section        0  cmsis_os2.o(i.SysTick_Handler)
    i.SystemClock_Config                     0x080019a6   Section        0  main.o(i.SystemClock_Config)
    i.SystemInit                             0x08001a04   Section        0  system_stm32f1xx.o(i.SystemInit)
    i.TIM2_IRQHandler                        0x08001a08   Section        0  stm32f1xx_it.o(i.TIM2_IRQHandler)
    i.TIM3_ClearCnt                          0x08001a14   Section        0  tim3.o(i.TIM3_ClearCnt)
    i.TIM3_GetCnt                            0x08001a24   Section        0  tim3.o(i.TIM3_GetCnt)
    i.TIM3_Init                              0x08001a30   Section        0  tim3.o(i.TIM3_Init)
    i.TIM3_Start                             0x08001ab4   Section        0  tim3.o(i.TIM3_Start)
    i.TIM3_Stop                              0x08001ac8   Section        0  tim3.o(i.TIM3_Stop)
    i.TIM_Base_SetConfig                     0x08001adc   Section        0  stm32f1xx_hal_tim.o(i.TIM_Base_SetConfig)
    i.Task_LowPower                          0x08001b54   Section        0  freertos.o(i.Task_LowPower)
    i.Task_Park                              0x08001b60   Section        0  freertos.o(i.Task_Park)
    i.Task_Sensor                            0x08001b6c   Section        0  freertos.o(i.Task_Sensor)
    i.Task_UART                              0x08001b84   Section        0  freertos.o(i.Task_UART)
    i.UART_EndRxTransfer                     0x08001b90   Section        0  stm32f1xx_hal_uart.o(i.UART_EndRxTransfer)
    UART_EndRxTransfer                       0x08001b91   Thumb Code    78  stm32f1xx_hal_uart.o(i.UART_EndRxTransfer)
    i.UART_SetConfig                         0x08001be0   Section        0  stm32f1xx_hal_uart.o(i.UART_SetConfig)
    UART_SetConfig                           0x08001be1   Thumb Code   178  stm32f1xx_hal_uart.o(i.UART_SetConfig)
    i.UART_WaitOnFlagUntilTimeout            0x08001c98   Section        0  stm32f1xx_hal_uart.o(i.UART_WaitOnFlagUntilTimeout)
    UART_WaitOnFlagUntilTimeout              0x08001c99   Thumb Code   114  stm32f1xx_hal_uart.o(i.UART_WaitOnFlagUntilTimeout)
    i.UsageFault_Handler                     0x08001d0a   Section        0  stm32f1xx_it.o(i.UsageFault_Handler)
    i.__0printf                              0x08001d0c   Section        0  printfa.o(i.__0printf)
    i.__NVIC_SetPriority                     0x08001d2c   Section        0  stm32f1xx_hal_cortex.o(i.__NVIC_SetPriority)
    __NVIC_SetPriority                       0x08001d2d   Thumb Code    32  stm32f1xx_hal_cortex.o(i.__NVIC_SetPriority)
    i.__scatterload_copy                     0x08001d4c   Section       14  handlers.o(i.__scatterload_copy)
    i.__scatterload_null                     0x08001d5a   Section        2  handlers.o(i.__scatterload_null)
    i.__scatterload_zeroinit                 0x08001d5c   Section       14  handlers.o(i.__scatterload_zeroinit)
    i._fp_digits                             0x08001d6c   Section        0  printfa.o(i._fp_digits)
    _fp_digits                               0x08001d6d   Thumb Code   366  printfa.o(i._fp_digits)
    i._printf_core                           0x08001ef0   Section        0  printfa.o(i._printf_core)
    _printf_core                             0x08001ef1   Thumb Code  1744  printfa.o(i._printf_core)
    i._printf_post_padding                   0x080025cc   Section        0  printfa.o(i._printf_post_padding)
    _printf_post_padding                     0x080025cd   Thumb Code    36  printfa.o(i._printf_post_padding)
    i._printf_pre_padding                    0x080025f0   Section        0  printfa.o(i._printf_pre_padding)
    _printf_pre_padding                      0x080025f1   Thumb Code    46  printfa.o(i._printf_pre_padding)
    i.fputc                                  0x08002620   Section        0  usart.o(i.fputc)
    i.get_sensor_data_task                   0x08002638   Section        0  task_sensor.o(i.get_sensor_data_task)
    i.main                                   0x080026f4   Section        0  main.o(i.main)
    i.osDelay                                0x08002722   Section        0  cmsis_os2.o(i.osDelay)
    i.osKernelInitialize                     0x0800273c   Section        0  cmsis_os2.o(i.osKernelInitialize)
    i.osKernelStart                          0x08002760   Section        0  cmsis_os2.o(i.osKernelStart)
    i.osThreadNew                            0x08002798   Section        0  cmsis_os2.o(i.osThreadNew)
    i.park_state_task                        0x08002824   Section        0  task_park.o(i.park_state_task)
    i.prvAddCurrentTaskToDelayedList         0x080028a0   Section        0  tasks.o(i.prvAddCurrentTaskToDelayedList)
    prvAddCurrentTaskToDelayedList           0x080028a1   Thumb Code    84  tasks.o(i.prvAddCurrentTaskToDelayedList)
    i.prvAddNewTaskToReadyList               0x080028fc   Section        0  tasks.o(i.prvAddNewTaskToReadyList)
    prvAddNewTaskToReadyList                 0x080028fd   Thumb Code   190  tasks.o(i.prvAddNewTaskToReadyList)
    i.prvCheckForValidListAndQueue           0x080029cc   Section        0  timers.o(i.prvCheckForValidListAndQueue)
    prvCheckForValidListAndQueue             0x080029cd   Thumb Code    72  timers.o(i.prvCheckForValidListAndQueue)
    i.prvCopyDataFromQueue                   0x08002a24   Section        0  queue.o(i.prvCopyDataFromQueue)
    prvCopyDataFromQueue                     0x08002a25   Thumb Code    38  queue.o(i.prvCopyDataFromQueue)
    i.prvCopyDataToQueue                     0x08002a4a   Section        0  queue.o(i.prvCopyDataToQueue)
    prvCopyDataToQueue                       0x08002a4b   Thumb Code   108  queue.o(i.prvCopyDataToQueue)
    i.prvDeleteTCB                           0x08002ab6   Section        0  tasks.o(i.prvDeleteTCB)
    prvDeleteTCB                             0x08002ab7   Thumb Code    52  tasks.o(i.prvDeleteTCB)
    i.prvHeapInit                            0x08002aec   Section        0  heap_4.o(i.prvHeapInit)
    prvHeapInit                              0x08002aed   Thumb Code    66  heap_4.o(i.prvHeapInit)
    i.prvIdleTask                            0x08002b38   Section        0  tasks.o(i.prvIdleTask)
    prvIdleTask                              0x08002b39   Thumb Code    82  tasks.o(i.prvIdleTask)
    i.prvInitialiseNewQueue                  0x08002b98   Section        0  queue.o(i.prvInitialiseNewQueue)
    prvInitialiseNewQueue                    0x08002b99   Thumb Code    34  queue.o(i.prvInitialiseNewQueue)
    i.prvInitialiseNewTask                   0x08002bbc   Section        0  tasks.o(i.prvInitialiseNewTask)
    prvInitialiseNewTask                     0x08002bbd   Thumb Code   176  tasks.o(i.prvInitialiseNewTask)
    i.prvInsertBlockIntoFreeList             0x08002c6c   Section        0  heap_4.o(i.prvInsertBlockIntoFreeList)
    prvInsertBlockIntoFreeList               0x08002c6d   Thumb Code    72  heap_4.o(i.prvInsertBlockIntoFreeList)
    i.prvInsertTimerInActiveList             0x08002cb8   Section        0  timers.o(i.prvInsertTimerInActiveList)
    prvInsertTimerInActiveList               0x08002cb9   Thumb Code    52  timers.o(i.prvInsertTimerInActiveList)
    i.prvIsQueueEmpty                        0x08002cf0   Section        0  queue.o(i.prvIsQueueEmpty)
    prvIsQueueEmpty                          0x08002cf1   Thumb Code    28  queue.o(i.prvIsQueueEmpty)
    i.prvProcessReceivedCommands             0x08002d0c   Section        0  timers.o(i.prvProcessReceivedCommands)
    prvProcessReceivedCommands               0x08002d0d   Thumb Code   248  timers.o(i.prvProcessReceivedCommands)
    i.prvProcessTimerOrBlockTask             0x08002e08   Section        0  timers.o(i.prvProcessTimerOrBlockTask)
    prvProcessTimerOrBlockTask               0x08002e09   Thumb Code   182  timers.o(i.prvProcessTimerOrBlockTask)
    i.prvResetNextTaskUnblockTime            0x08002ec8   Section        0  tasks.o(i.prvResetNextTaskUnblockTime)
    prvResetNextTaskUnblockTime              0x08002ec9   Thumb Code    26  tasks.o(i.prvResetNextTaskUnblockTime)
    i.prvSampleTimeNow                       0x08002ee8   Section        0  timers.o(i.prvSampleTimeNow)
    prvSampleTimeNow                         0x08002ee9   Thumb Code    36  timers.o(i.prvSampleTimeNow)
    i.prvSwitchTimerLists                    0x08002f10   Section        0  timers.o(i.prvSwitchTimerLists)
    prvSwitchTimerLists                      0x08002f11   Thumb Code   104  timers.o(i.prvSwitchTimerLists)
    i.prvTaskExitError                       0x08002f7c   Section        0  port.o(i.prvTaskExitError)
    prvTaskExitError                         0x08002f7d   Thumb Code    36  port.o(i.prvTaskExitError)
    i.prvTimerTask                           0x08002fa4   Section        0  timers.o(i.prvTimerTask)
    prvTimerTask                             0x08002fa5   Thumb Code    32  timers.o(i.prvTimerTask)
    i.prvUnlockQueue                         0x08002fc8   Section        0  queue.o(i.prvUnlockQueue)
    prvUnlockQueue                           0x08002fc9   Thumb Code   106  queue.o(i.prvUnlockQueue)
    i.pvPortMalloc                           0x08003034   Section        0  heap_4.o(i.pvPortMalloc)
    i.pxPortInitialiseStack                  0x08003110   Section        0  port.o(i.pxPortInitialiseStack)
    i.uxListRemove                           0x08003134   Section        0  list.o(i.uxListRemove)
    i.vApplicationGetIdleTaskMemory          0x0800315c   Section        0  cmsis_os2.o(i.vApplicationGetIdleTaskMemory)
    i.vApplicationGetTimerTaskMemory         0x08003170   Section        0  cmsis_os2.o(i.vApplicationGetTimerTaskMemory)
    i.vListInitialise                        0x08003188   Section        0  list.o(i.vListInitialise)
    i.vListInitialiseItem                    0x0800319e   Section        0  list.o(i.vListInitialiseItem)
    i.vListInsert                            0x080031a4   Section        0  list.o(i.vListInsert)
    i.vListInsertEnd                         0x080031d4   Section        0  list.o(i.vListInsertEnd)
    i.vPortEnterCritical                     0x080031ec   Section        0  port.o(i.vPortEnterCritical)
    i.vPortExitCritical                      0x0800322c   Section        0  port.o(i.vPortExitCritical)
    i.vPortFree                              0x08003254   Section        0  heap_4.o(i.vPortFree)
    i.vPortSetupTimerInterrupt               0x080032b8   Section        0  port.o(i.vPortSetupTimerInterrupt)
    i.vPortValidateInterruptPriority         0x080032dc   Section        0  port.o(i.vPortValidateInterruptPriority)
    i.vQueueAddToRegistry                    0x08003330   Section        0  queue.o(i.vQueueAddToRegistry)
    i.vQueueWaitForMessageRestricted         0x08003358   Section        0  queue.o(i.vQueueWaitForMessageRestricted)
    i.vTaskDelay                             0x0800339c   Section        0  tasks.o(i.vTaskDelay)
    i.vTaskDelete                            0x080033e8   Section        0  tasks.o(i.vTaskDelete)
    i.vTaskInternalSetTimeOutState           0x08003478   Section        0  tasks.o(i.vTaskInternalSetTimeOutState)
    i.vTaskMissedYield                       0x08003488   Section        0  tasks.o(i.vTaskMissedYield)
    i.vTaskPlaceOnEventList                  0x08003494   Section        0  tasks.o(i.vTaskPlaceOnEventList)
    i.vTaskPlaceOnEventListRestricted        0x080034c4   Section        0  tasks.o(i.vTaskPlaceOnEventListRestricted)
    i.vTaskStartScheduler                    0x080034fc   Section        0  tasks.o(i.vTaskStartScheduler)
    i.vTaskSuspendAll                        0x08003584   Section        0  tasks.o(i.vTaskSuspendAll)
    i.vTaskSwitchContext                     0x08003594   Section        0  tasks.o(i.vTaskSwitchContext)
    i.xPortStartScheduler                    0x080035f8   Section        0  port.o(i.xPortStartScheduler)
    i.xPortSysTickHandler                    0x080036a0   Section        0  port.o(i.xPortSysTickHandler)
    i.xQueueGenericCreateStatic              0x080036cc   Section        0  queue.o(i.xQueueGenericCreateStatic)
    i.xQueueGenericReset                     0x08003734   Section        0  queue.o(i.xQueueGenericReset)
    i.xQueueGenericSend                      0x080037bc   Section        0  queue.o(i.xQueueGenericSend)
    i.xQueueGenericSendFromISR               0x0800391c   Section        0  queue.o(i.xQueueGenericSendFromISR)
    i.xQueueReceive                          0x080039dc   Section        0  queue.o(i.xQueueReceive)
    i.xTaskCheckForTimeOut                   0x08003b14   Section        0  tasks.o(i.xTaskCheckForTimeOut)
    i.xTaskCreate                            0x08003b88   Section        0  tasks.o(i.xTaskCreate)
    i.xTaskCreateStatic                      0x08003be2   Section        0  tasks.o(i.xTaskCreateStatic)
    i.xTaskGetSchedulerState                 0x08003c38   Section        0  tasks.o(i.xTaskGetSchedulerState)
    i.xTaskGetTickCount                      0x08003c54   Section        0  tasks.o(i.xTaskGetTickCount)
    i.xTaskIncrementTick                     0x08003c60   Section        0  tasks.o(i.xTaskIncrementTick)
    i.xTaskPriorityDisinherit                0x08003d28   Section        0  tasks.o(i.xTaskPriorityDisinherit)
    i.xTaskRemoveFromEventList               0x08003da8   Section        0  tasks.o(i.xTaskRemoveFromEventList)
    i.xTaskResumeAll                         0x08003e18   Section        0  tasks.o(i.xTaskResumeAll)
    i.xTimerCreateTimerTask                  0x08003edc   Section        0  timers.o(i.xTimerCreateTimerTask)
    i.xTimerGenericCommand                   0x08003f3c   Section        0  timers.o(i.xTimerGenericCommand)
    .constdata                               0x08003fa4   Section      180  freertos.o(.constdata)
    .constdata                               0x08004058   Section       18  stm32f1xx_hal_rcc.o(.constdata)
    aPredivFactorTable                       0x08004058   Data           2  stm32f1xx_hal_rcc.o(.constdata)
    aPLLMULFactorTable                       0x0800405a   Data          16  stm32f1xx_hal_rcc.o(.constdata)
    .constdata                               0x0800406a   Section       16  system_stm32f1xx.o(.constdata)
    .constdata                               0x0800407a   Section        8  system_stm32f1xx.o(.constdata)
    .conststring                             0x08004084   Section       64  freertos.o(.conststring)
    .data                                    0x20000000   Section        1  main.o(.data)
    .data                                    0x20000004   Section       20  freertos.o(.data)
    .data                                    0x20000018   Section       12  stm32f1xx_hal.o(.data)
    .data                                    0x20000024   Section        4  system_stm32f1xx.o(.data)
    .data                                    0x20000028   Section       60  tasks.o(.data)
    uxDeletedTasksWaitingCleanUp             0x2000002c   Data           4  tasks.o(.data)
    uxCurrentNumberOfTasks                   0x20000030   Data           4  tasks.o(.data)
    xTickCount                               0x20000034   Data           4  tasks.o(.data)
    uxTopReadyPriority                       0x20000038   Data           4  tasks.o(.data)
    xSchedulerRunning                        0x2000003c   Data           4  tasks.o(.data)
    xPendedTicks                             0x20000040   Data           4  tasks.o(.data)
    xYieldPending                            0x20000044   Data           4  tasks.o(.data)
    xNumOfOverflows                          0x20000048   Data           4  tasks.o(.data)
    uxTaskNumber                             0x2000004c   Data           4  tasks.o(.data)
    xNextTaskUnblockTime                     0x20000050   Data           4  tasks.o(.data)
    xIdleTaskHandle                          0x20000054   Data           4  tasks.o(.data)
    uxSchedulerSuspended                     0x20000058   Data           4  tasks.o(.data)
    pxDelayedTaskList                        0x2000005c   Data           4  tasks.o(.data)
    pxOverflowDelayedTaskList                0x20000060   Data           4  tasks.o(.data)
    .data                                    0x20000064   Section       20  timers.o(.data)
    xTimerQueue                              0x20000064   Data           4  timers.o(.data)
    xTimerTaskHandle                         0x20000068   Data           4  timers.o(.data)
    xLastTime                                0x2000006c   Data           4  timers.o(.data)
    pxCurrentTimerList                       0x20000070   Data           4  timers.o(.data)
    pxOverflowTimerList                      0x20000074   Data           4  timers.o(.data)
    .data                                    0x20000078   Section        4  cmsis_os2.o(.data)
    KernelState                              0x20000078   Data           4  cmsis_os2.o(.data)
    .data                                    0x2000007c   Section       32  heap_4.o(.data)
    pxEnd                                    0x2000007c   Data           4  heap_4.o(.data)
    xFreeBytesRemaining                      0x20000080   Data           4  heap_4.o(.data)
    xMinimumEverFreeBytesRemaining           0x20000084   Data           4  heap_4.o(.data)
    xNumberOfSuccessfulAllocations           0x20000088   Data           4  heap_4.o(.data)
    xNumberOfSuccessfulFrees                 0x2000008c   Data           4  heap_4.o(.data)
    xBlockAllocatedBit                       0x20000090   Data           4  heap_4.o(.data)
    xStart                                   0x20000094   Data           8  heap_4.o(.data)
    .data                                    0x2000009c   Section       12  port.o(.data)
    ucMaxSysCallPriority                     0x2000009c   Data           1  port.o(.data)
    uxCriticalNesting                        0x200000a0   Data           4  port.o(.data)
    ulMaxPRIGROUPValue                       0x200000a4   Data           4  port.o(.data)
    .data                                    0x200000a8   Section        8  filter.o(.data)
    filter_index                             0x200000a8   Data           1  filter.o(.data)
    last_valid_data                          0x200000ac   Data           4  filter.o(.data)
    .data                                    0x200000b0   Section        1  park_state.o(.data)
    debounce_cnt                             0x200000b0   Data           1  park_state.o(.data)
    .data                                    0x200000b4   Section        4  stdout.o(.data)
    .bss                                     0x200000b8   Section       40  main.o(.bss)
    .bss                                     0x200000e0   Section       12  main.o(.bss)
    .bss                                     0x200000ec   Section       72  usart.o(.bss)
    .bss                                     0x20000134   Section       72  stm32f1xx_hal_timebase_tim.o(.bss)
    .bss                                     0x2000017c   Section       72  tim3.o(.bss)
    .bss                                     0x200001c4   Section       64  queue.o(.bss)
    .bss                                     0x20000204   Section     1220  tasks.o(.bss)
    pxReadyTasksLists                        0x20000204   Data        1120  tasks.o(.bss)
    xDelayedTaskList1                        0x20000664   Data          20  tasks.o(.bss)
    xDelayedTaskList2                        0x20000678   Data          20  tasks.o(.bss)
    xPendingReadyList                        0x2000068c   Data          20  tasks.o(.bss)
    xTasksWaitingTermination                 0x200006a0   Data          20  tasks.o(.bss)
    xSuspendedTaskList                       0x200006b4   Data          20  tasks.o(.bss)
    .bss                                     0x200006c8   Section      280  timers.o(.bss)
    xStaticTimerQueue                        0x200006c8   Data          80  timers.o(.bss)
    ucStaticTimerQueueStorage                0x20000718   Data         160  timers.o(.bss)
    xActiveTimerList1                        0x200007b8   Data          20  timers.o(.bss)
    xActiveTimerList2                        0x200007cc   Data          20  timers.o(.bss)
    .bss                                     0x200007e0   Section     1720  cmsis_os2.o(.bss)
    Idle_TCB                                 0x200007e0   Data          92  cmsis_os2.o(.bss)
    Idle_Stack                               0x2000083c   Data         512  cmsis_os2.o(.bss)
    Timer_TCB                                0x20000a3c   Data          92  cmsis_os2.o(.bss)
    Timer_Stack                              0x20000a98   Data        1024  cmsis_os2.o(.bss)
    .bss                                     0x20000e98   Section     8192  heap_4.o(.bss)
    ucHeap                                   0x20000e98   Data        8192  heap_4.o(.bss)
    .bss                                     0x20002e98   Section       40  filter.o(.bss)
    filter_buf                               0x20002e98   Data          40  filter.o(.bss)
    STACK                                    0x20002ec0   Section     1024  startup_stm32f103xb.o(STACK)

    Global Symbols

    Symbol Name                              Value     Ov Type        Size  Object(Section)

    BuildAttributes$$THM_ISAv4$P$D$K$B$S$PE$A:L22UL41UL21$X:L11$S22US41US21$IEEE1$IW$USESV6$~STKCKD$USESV7$~SHL$OTIME$ROPI$IEEEJ$EBA8$MICROLIB$REQ8$PRES8$EABIv2 0x00000000   Number         0  anon$$obj.o ABSOLUTE
    __ARM_use_no_argv                        0x00000000   Number         0  main.o ABSOLUTE
    _printf_a                                0x00000000   Number         0  stubs.o ABSOLUTE
    _printf_c                                0x00000000   Number         0  stubs.o ABSOLUTE
    _printf_charcount                        0x00000000   Number         0  stubs.o ABSOLUTE
    _printf_d                                0x00000000   Number         0  stubs.o ABSOLUTE
    _printf_e                                0x00000000   Number         0  stubs.o ABSOLUTE
    _printf_f                                0x00000000   Number         0  stubs.o ABSOLUTE
    _printf_flags                            0x00000000   Number         0  stubs.o ABSOLUTE
    _printf_fp_dec                           0x00000000   Number         0  stubs.o ABSOLUTE
    _printf_fp_hex                           0x00000000   Number         0  stubs.o ABSOLUTE
    _printf_g                                0x00000000   Number         0  stubs.o ABSOLUTE
    _printf_i                                0x00000000   Number         0  stubs.o ABSOLUTE
    _printf_int_dec                          0x00000000   Number         0  stubs.o ABSOLUTE
    _printf_l                                0x00000000   Number         0  stubs.o ABSOLUTE
    _printf_lc                               0x00000000   Number         0  stubs.o ABSOLUTE
    _printf_ll                               0x00000000   Number         0  stubs.o ABSOLUTE
    _printf_lld                              0x00000000   Number         0  stubs.o ABSOLUTE
    _printf_lli                              0x00000000   Number         0  stubs.o ABSOLUTE
    _printf_llo                              0x00000000   Number         0  stubs.o ABSOLUTE
    _printf_llu                              0x00000000   Number         0  stubs.o ABSOLUTE
    _printf_llx                              0x00000000   Number         0  stubs.o ABSOLUTE
    _printf_longlong_dec                     0x00000000   Number         0  stubs.o ABSOLUTE
    _printf_longlong_hex                     0x00000000   Number         0  stubs.o ABSOLUTE
    _printf_longlong_oct                     0x00000000   Number         0  stubs.o ABSOLUTE
    _printf_ls                               0x00000000   Number         0  stubs.o ABSOLUTE
    _printf_mbtowc                           0x00000000   Number         0  stubs.o ABSOLUTE
    _printf_n                                0x00000000   Number         0  stubs.o ABSOLUTE
    _printf_o                                0x00000000   Number         0  stubs.o ABSOLUTE
    _printf_p                                0x00000000   Number         0  stubs.o ABSOLUTE
    _printf_percent                          0x00000000   Number         0  stubs.o ABSOLUTE
    _printf_pre_padding                      0x00000000   Number         0  stubs.o ABSOLUTE
    _printf_return_value                     0x00000000   Number         0  stubs.o ABSOLUTE
    _printf_s                                0x00000000   Number         0  stubs.o ABSOLUTE
    _printf_sizespec                         0x00000000   Number         0  stubs.o ABSOLUTE
    _printf_str                              0x00000000   Number         0  stubs.o ABSOLUTE
    _printf_truncate_signed                  0x00000000   Number         0  stubs.o ABSOLUTE
    _printf_truncate_unsigned                0x00000000   Number         0  stubs.o ABSOLUTE
    _printf_u                                0x00000000   Number         0  stubs.o ABSOLUTE
    _printf_wc                               0x00000000   Number         0  stubs.o ABSOLUTE
    _printf_wctomb                           0x00000000   Number         0  stubs.o ABSOLUTE
    _printf_widthprec                        0x00000000   Number         0  stubs.o ABSOLUTE
    _printf_x                                0x00000000   Number         0  stubs.o ABSOLUTE
    __cpp_initialize__aeabi_                  - Undefined Weak Reference
    __cxa_finalize                            - Undefined Weak Reference
    __decompress                              - Undefined Weak Reference
    _clock_init                               - Undefined Weak Reference
    _microlib_exit                            - Undefined Weak Reference
    __Vectors_Size                           0x000000ec   Number         0  startup_stm32f103xb.o ABSOLUTE
    __Vectors                                0x08000000   Data           4  startup_stm32f103xb.o(RESET)
    __Vectors_End                            0x080000ec   Data           0  startup_stm32f103xb.o(RESET)
    __main                                   0x080000ed   Thumb Code     0  entry.o(.ARM.Collect$$$$00000000)
    _main_stk                                0x080000ed   Thumb Code     0  entry2.o(.ARM.Collect$$$$00000001)
    _main_scatterload                        0x080000f1   Thumb Code     0  entry5.o(.ARM.Collect$$$$00000004)
    __main_after_scatterload                 0x080000f5   Thumb Code     0  entry5.o(.ARM.Collect$$$$00000004)
    _main_clock                              0x080000f5   Thumb Code     0  entry7b.o(.ARM.Collect$$$$00000008)
    _main_cpp_init                           0x080000f5   Thumb Code     0  entry8b.o(.ARM.Collect$$$$0000000A)
    _main_init                               0x080000f5   Thumb Code     0  entry9a.o(.ARM.Collect$$$$0000000B)
    __rt_final_cpp                           0x080000fd   Thumb Code     0  entry10a.o(.ARM.Collect$$$$0000000D)
    __rt_final_exit                          0x080000fd   Thumb Code     0  entry11a.o(.ARM.Collect$$$$0000000F)
    SVC_Handler                              0x08000101   Thumb Code    32  port.o(.emb_text)
    __asm___6_port_c_39a90d8d__prvStartFirstTask 0x08000125   Thumb Code    28  port.o(.emb_text)
    PendSV_Handler                           0x08000145   Thumb Code    72  port.o(.emb_text)
    vPortGetIPSR                             0x08000191   Thumb Code     6  port.o(.emb_text)
    Reset_Handler                            0x08000199   Thumb Code     8  startup_stm32f103xb.o(.text)
    ADC1_2_IRQHandler                        0x080001b3   Thumb Code     0  startup_stm32f103xb.o(.text)
    CAN1_RX1_IRQHandler                      0x080001b3   Thumb Code     0  startup_stm32f103xb.o(.text)
    CAN1_SCE_IRQHandler                      0x080001b3   Thumb Code     0  startup_stm32f103xb.o(.text)
    DMA1_Channel1_IRQHandler                 0x080001b3   Thumb Code     0  startup_stm32f103xb.o(.text)
    DMA1_Channel2_IRQHandler                 0x080001b3   Thumb Code     0  startup_stm32f103xb.o(.text)
    DMA1_Channel3_IRQHandler                 0x080001b3   Thumb Code     0  startup_stm32f103xb.o(.text)
    DMA1_Channel4_IRQHandler                 0x080001b3   Thumb Code     0  startup_stm32f103xb.o(.text)
    DMA1_Channel5_IRQHandler                 0x080001b3   Thumb Code     0  startup_stm32f103xb.o(.text)
    DMA1_Channel6_IRQHandler                 0x080001b3   Thumb Code     0  startup_stm32f103xb.o(.text)
    DMA1_Channel7_IRQHandler                 0x080001b3   Thumb Code     0  startup_stm32f103xb.o(.text)
    EXTI0_IRQHandler                         0x080001b3   Thumb Code     0  startup_stm32f103xb.o(.text)
    EXTI15_10_IRQHandler                     0x080001b3   Thumb Code     0  startup_stm32f103xb.o(.text)
    EXTI1_IRQHandler                         0x080001b3   Thumb Code     0  startup_stm32f103xb.o(.text)
    EXTI2_IRQHandler                         0x080001b3   Thumb Code     0  startup_stm32f103xb.o(.text)
    EXTI3_IRQHandler                         0x080001b3   Thumb Code     0  startup_stm32f103xb.o(.text)
    EXTI4_IRQHandler                         0x080001b3   Thumb Code     0  startup_stm32f103xb.o(.text)
    EXTI9_5_IRQHandler                       0x080001b3   Thumb Code     0  startup_stm32f103xb.o(.text)
    FLASH_IRQHandler                         0x080001b3   Thumb Code     0  startup_stm32f103xb.o(.text)
    I2C1_ER_IRQHandler                       0x080001b3   Thumb Code     0  startup_stm32f103xb.o(.text)
    I2C1_EV_IRQHandler                       0x080001b3   Thumb Code     0  startup_stm32f103xb.o(.text)
    I2C2_ER_IRQHandler                       0x080001b3   Thumb Code     0  startup_stm32f103xb.o(.text)
    I2C2_EV_IRQHandler                       0x080001b3   Thumb Code     0  startup_stm32f103xb.o(.text)
    PVD_IRQHandler                           0x080001b3   Thumb Code     0  startup_stm32f103xb.o(.text)
    RCC_IRQHandler                           0x080001b3   Thumb Code     0  startup_stm32f103xb.o(.text)
    RTC_Alarm_IRQHandler                     0x080001b3   Thumb Code     0  startup_stm32f103xb.o(.text)
    RTC_IRQHandler                           0x080001b3   Thumb Code     0  startup_stm32f103xb.o(.text)
    SPI1_IRQHandler                          0x080001b3   Thumb Code     0  startup_stm32f103xb.o(.text)
    SPI2_IRQHandler                          0x080001b3   Thumb Code     0  startup_stm32f103xb.o(.text)
    TAMPER_IRQHandler                        0x080001b3   Thumb Code     0  startup_stm32f103xb.o(.text)
    TIM1_BRK_IRQHandler                      0x080001b3   Thumb Code     0  startup_stm32f103xb.o(.text)
    TIM1_CC_IRQHandler                       0x080001b3   Thumb Code     0  startup_stm32f103xb.o(.text)
    TIM1_TRG_COM_IRQHandler                  0x080001b3   Thumb Code     0  startup_stm32f103xb.o(.text)
    TIM1_UP_IRQHandler                       0x080001b3   Thumb Code     0  startup_stm32f103xb.o(.text)
    TIM3_IRQHandler                          0x080001b3   Thumb Code     0  startup_stm32f103xb.o(.text)
    TIM4_IRQHandler                          0x080001b3   Thumb Code     0  startup_stm32f103xb.o(.text)
    USART1_IRQHandler                        0x080001b3   Thumb Code     0  startup_stm32f103xb.o(.text)
    USART2_IRQHandler                        0x080001b3   Thumb Code     0  startup_stm32f103xb.o(.text)
    USART3_IRQHandler                        0x080001b3   Thumb Code     0  startup_stm32f103xb.o(.text)
    USBWakeUp_IRQHandler                     0x080001b3   Thumb Code     0  startup_stm32f103xb.o(.text)
    USB_HP_CAN1_TX_IRQHandler                0x080001b3   Thumb Code     0  startup_stm32f103xb.o(.text)
    USB_LP_CAN1_RX0_IRQHandler               0x080001b3   Thumb Code     0  startup_stm32f103xb.o(.text)
    WWDG_IRQHandler                          0x080001b3   Thumb Code     0  startup_stm32f103xb.o(.text)
    __aeabi_llsr                             0x080001bd   Thumb Code    32  llushr.o(.text)
    _ll_ushift_r                             0x080001bd   Thumb Code     0  llushr.o(.text)
    __aeabi_memcpy                           0x080001dd   Thumb Code    36  memcpya.o(.text)
    __aeabi_memcpy4                          0x080001dd   Thumb Code     0  memcpya.o(.text)
    __aeabi_memcpy8                          0x080001dd   Thumb Code     0  memcpya.o(.text)
    __aeabi_memset                           0x08000201   Thumb Code    14  memseta.o(.text)
    __aeabi_memset4                          0x08000201   Thumb Code     0  memseta.o(.text)
    __aeabi_memset8                          0x08000201   Thumb Code     0  memseta.o(.text)
    __aeabi_memclr                           0x0800020f   Thumb Code     4  memseta.o(.text)
    __aeabi_memclr4                          0x0800020f   Thumb Code     0  memseta.o(.text)
    __aeabi_memclr8                          0x0800020f   Thumb Code     0  memseta.o(.text)
    memset                                   0x08000213   Thumb Code    18  memseta.o(.text)
    __aeabi_fadd                             0x08000225   Thumb Code   164  fadd.o(.text)
    __aeabi_fsub                             0x080002c9   Thumb Code     6  fadd.o(.text)
    __aeabi_frsub                            0x080002cf   Thumb Code     6  fadd.o(.text)
    __ARM_scalbnf                            0x080002d5   Thumb Code    24  fscalb.o(.text)
    scalbnf                                  0x080002d5   Thumb Code     0  fscalb.o(.text)
    __aeabi_dmul                             0x080002ed   Thumb Code   228  dmul.o(.text)
    __aeabi_ui2d                             0x080003d1   Thumb Code    26  dfltui.o(.text)
    __aeabi_f2d                              0x080003eb   Thumb Code    38  f2d.o(.text)
    __aeabi_d2f                              0x08000411   Thumb Code    56  d2f.o(.text)
    __aeabi_cfcmpeq                          0x08000449   Thumb Code     0  cfcmple.o(.text)
    __aeabi_cfcmple                          0x08000449   Thumb Code    20  cfcmple.o(.text)
    __aeabi_cfrcmple                         0x0800045d   Thumb Code    20  cfrcmple.o(.text)
    __aeabi_uidiv                            0x08000471   Thumb Code     0  uidiv.o(.text)
    __aeabi_uidivmod                         0x08000471   Thumb Code    44  uidiv.o(.text)
    __aeabi_uldivmod                         0x0800049d   Thumb Code    98  uldiv.o(.text)
    __I$use$fp                               0x080004ff   Thumb Code     0  iusefp.o(.text)
    _float_round                             0x080004ff   Thumb Code    18  fepilogue.o(.text)
    _float_epilogue                          0x08000511   Thumb Code    92  fepilogue.o(.text)
    _double_round                            0x0800056d   Thumb Code    30  depilogue.o(.text)
    _double_epilogue                         0x0800058b   Thumb Code   156  depilogue.o(.text)
    __aeabi_dadd                             0x08000627   Thumb Code   322  dadd.o(.text)
    __aeabi_dsub                             0x08000769   Thumb Code     6  dadd.o(.text)
    __aeabi_drsub                            0x0800076f   Thumb Code     6  dadd.o(.text)
    __aeabi_ddiv                             0x08000775   Thumb Code   222  ddiv.o(.text)
    __aeabi_d2ulz                            0x08000853   Thumb Code    48  dfixul.o(.text)
    __aeabi_cdrcmple                         0x08000885   Thumb Code    48  cdrcmple.o(.text)
    __scatterload                            0x080008b5   Thumb Code    28  init.o(.text)
    __scatterload_rt2                        0x080008b5   Thumb Code     0  init.o(.text)
    __aeabi_llsl                             0x080008d9   Thumb Code    30  llshl.o(.text)
    _ll_shift_l                              0x080008d9   Thumb Code     0  llshl.o(.text)
    __aeabi_lasr                             0x080008f7   Thumb Code    36  llsshr.o(.text)
    _ll_sshift_r                             0x080008f7   Thumb Code     0  llsshr.o(.text)
    BusFault_Handler                         0x0800091b   Thumb Code     2  stm32f1xx_it.o(i.BusFault_Handler)
    DebugMon_Handler                         0x0800091d   Thumb Code     2  stm32f1xx_it.o(i.DebugMon_Handler)
    Error_Handler                            0x0800091f   Thumb Code     4  main.o(i.Error_Handler)
    Filter_GetValue                          0x08000925   Thumb Code   150  filter.o(i.Filter_GetValue)
    Filter_Init                              0x080009c9   Thumb Code    28  filter.o(i.Filter_Init)
    HAL_GPIO_Init                            0x080009ed   Thumb Code   446  stm32f1xx_hal_gpio.o(i.HAL_GPIO_Init)
    HAL_GPIO_ReadPin                         0x08000bcd   Thumb Code    10  stm32f1xx_hal_gpio.o(i.HAL_GPIO_ReadPin)
    HAL_GPIO_WritePin                        0x08000bd7   Thumb Code    10  stm32f1xx_hal_gpio.o(i.HAL_GPIO_WritePin)
    HAL_GetTick                              0x08000be1   Thumb Code     6  stm32f1xx_hal.o(i.HAL_GetTick)
    HAL_IncTick                              0x08000bed   Thumb Code    12  stm32f1xx_hal.o(i.HAL_IncTick)
    HAL_Init                                 0x08000bfd   Thumb Code    32  stm32f1xx_hal.o(i.HAL_Init)
    HAL_InitTick                             0x08000c21   Thumb Code   134  stm32f1xx_hal_timebase_tim.o(i.HAL_InitTick)
    HAL_MspInit                              0x08000cb9   Thumb Code    62  stm32f1xx_hal_msp.o(i.HAL_MspInit)
    HAL_NVIC_EnableIRQ                       0x08000d01   Thumb Code    26  stm32f1xx_hal_cortex.o(i.HAL_NVIC_EnableIRQ)
    HAL_NVIC_SetPriority                     0x08000d1d   Thumb Code    60  stm32f1xx_hal_cortex.o(i.HAL_NVIC_SetPriority)
    HAL_NVIC_SetPriorityGrouping             0x08000d5d   Thumb Code    26  stm32f1xx_hal_cortex.o(i.HAL_NVIC_SetPriorityGrouping)
    HAL_RCC_ClockConfig                      0x08000d81   Thumb Code   280  stm32f1xx_hal_rcc.o(i.HAL_RCC_ClockConfig)
    HAL_RCC_GetClockConfig                   0x08000ead   Thumb Code    54  stm32f1xx_hal_rcc.o(i.HAL_RCC_GetClockConfig)
    HAL_RCC_GetPCLK1Freq                     0x08000eed   Thumb Code    20  stm32f1xx_hal_rcc.o(i.HAL_RCC_GetPCLK1Freq)
    HAL_RCC_GetPCLK2Freq                     0x08000f0d   Thumb Code    20  stm32f1xx_hal_rcc.o(i.HAL_RCC_GetPCLK2Freq)
    HAL_RCC_GetSysClockFreq                  0x08000f2d   Thumb Code    58  stm32f1xx_hal_rcc.o(i.HAL_RCC_GetSysClockFreq)
    HAL_RCC_OscConfig                        0x08000f79   Thumb Code   778  stm32f1xx_hal_rcc.o(i.HAL_RCC_OscConfig)
    HAL_TIMEx_BreakCallback                  0x08001299   Thumb Code     2  stm32f1xx_hal_tim_ex.o(i.HAL_TIMEx_BreakCallback)
    HAL_TIMEx_CommutCallback                 0x0800129b   Thumb Code     2  stm32f1xx_hal_tim_ex.o(i.HAL_TIMEx_CommutCallback)
    HAL_TIM_Base_Init                        0x0800129d   Thumb Code    90  stm32f1xx_hal_tim.o(i.HAL_TIM_Base_Init)
    HAL_TIM_Base_MspInit                     0x080012f7   Thumb Code     2  stm32f1xx_hal_tim.o(i.HAL_TIM_Base_MspInit)
    HAL_TIM_Base_Start                       0x080012f9   Thumb Code    66  stm32f1xx_hal_tim.o(i.HAL_TIM_Base_Start)
    HAL_TIM_Base_Start_IT                    0x08001349   Thumb Code    76  stm32f1xx_hal_tim.o(i.HAL_TIM_Base_Start_IT)
    HAL_TIM_Base_Stop                        0x080013a1   Thumb Code    38  stm32f1xx_hal_tim.o(i.HAL_TIM_Base_Stop)
    HAL_TIM_IC_CaptureCallback               0x080013c7   Thumb Code     2  stm32f1xx_hal_tim.o(i.HAL_TIM_IC_CaptureCallback)
    HAL_TIM_IRQHandler                       0x080013c9   Thumb Code   304  stm32f1xx_hal_tim.o(i.HAL_TIM_IRQHandler)
    HAL_TIM_OC_DelayElapsedCallback          0x080014f9   Thumb Code     2  stm32f1xx_hal_tim.o(i.HAL_TIM_OC_DelayElapsedCallback)
    HAL_TIM_PWM_PulseFinishedCallback        0x080014fb   Thumb Code     2  stm32f1xx_hal_tim.o(i.HAL_TIM_PWM_PulseFinishedCallback)
    HAL_TIM_PeriodElapsedCallback            0x080014fd   Thumb Code    14  main.o(i.HAL_TIM_PeriodElapsedCallback)
    HAL_TIM_TriggerCallback                  0x0800150b   Thumb Code     2  stm32f1xx_hal_tim.o(i.HAL_TIM_TriggerCallback)
    HAL_UART_Init                            0x0800150d   Thumb Code   100  stm32f1xx_hal_uart.o(i.HAL_UART_Init)
    HAL_UART_MspInit                         0x08001571   Thumb Code   100  usart.o(i.HAL_UART_MspInit)
    HAL_UART_Transmit                        0x080015e1   Thumb Code   160  stm32f1xx_hal_uart.o(i.HAL_UART_Transmit)
    HC_SR04_GetDistance                      0x08001681   Thumb Code   144  hc_sr04.o(i.HC_SR04_GetDistance)
    HC_SR04_Init                             0x08001729   Thumb Code    86  hc_sr04.o(i.HC_SR04_Init)
    HardFault_Handler                        0x080017a1   Thumb Code     2  stm32f1xx_it.o(i.HardFault_Handler)
    LED_Init                                 0x080017a5   Thumb Code    90  led.o(i.LED_Init)
    MX_FREERTOS_Init                         0x0800181d   Thumb Code    18  freertos.o(i.MX_FREERTOS_Init)
    MX_USART1_UART_Init                      0x0800183d   Thumb Code    50  usart.o(i.MX_USART1_UART_Init)
    MemManage_Handler                        0x08001891   Thumb Code     2  stm32f1xx_it.o(i.MemManage_Handler)
    NMI_Handler                              0x08001893   Thumb Code     2  stm32f1xx_it.o(i.NMI_Handler)
    ParkState_Init                           0x08001895   Thumb Code    14  park_state.o(i.ParkState_Init)
    ParkState_Update                         0x080018ad   Thumb Code    44  park_state.o(i.ParkState_Update)
    StartDefaultTask                         0x080018e5   Thumb Code    88  freertos.o(i.StartDefaultTask)
    SysTick_Handler                          0x0800198d   Thumb Code    26  cmsis_os2.o(i.SysTick_Handler)
    SystemClock_Config                       0x080019a7   Thumb Code    94  main.o(i.SystemClock_Config)
    SystemInit                               0x08001a05   Thumb Code     2  system_stm32f1xx.o(i.SystemInit)
    TIM2_IRQHandler                          0x08001a09   Thumb Code     6  stm32f1xx_it.o(i.TIM2_IRQHandler)
    TIM3_ClearCnt                            0x08001a15   Thumb Code    10  tim3.o(i.TIM3_ClearCnt)
    TIM3_GetCnt                              0x08001a25   Thumb Code     8  tim3.o(i.TIM3_GetCnt)
    TIM3_Init                                0x08001a31   Thumb Code    80  tim3.o(i.TIM3_Init)
    TIM3_Start                               0x08001ab5   Thumb Code    16  tim3.o(i.TIM3_Start)
    TIM3_Stop                                0x08001ac9   Thumb Code    16  tim3.o(i.TIM3_Stop)
    TIM_Base_SetConfig                       0x08001add   Thumb Code   108  stm32f1xx_hal_tim.o(i.TIM_Base_SetConfig)
    Task_LowPower                            0x08001b55   Thumb Code    12  freertos.o(i.Task_LowPower)
    Task_Park                                0x08001b61   Thumb Code    12  freertos.o(i.Task_Park)
    Task_Sensor                              0x08001b6d   Thumb Code    20  freertos.o(i.Task_Sensor)
    Task_UART                                0x08001b85   Thumb Code    12  freertos.o(i.Task_UART)
    UsageFault_Handler                       0x08001d0b   Thumb Code     2  stm32f1xx_it.o(i.UsageFault_Handler)
    __0printf                                0x08001d0d   Thumb Code    22  printfa.o(i.__0printf)
    __1printf                                0x08001d0d   Thumb Code     0  printfa.o(i.__0printf)
    __2printf                                0x08001d0d   Thumb Code     0  printfa.o(i.__0printf)
    __c89printf                              0x08001d0d   Thumb Code     0  printfa.o(i.__0printf)
    printf                                   0x08001d0d   Thumb Code     0  printfa.o(i.__0printf)
    __scatterload_copy                       0x08001d4d   Thumb Code    14  handlers.o(i.__scatterload_copy)
    __scatterload_null                       0x08001d5b   Thumb Code     2  handlers.o(i.__scatterload_null)
    __scatterload_zeroinit                   0x08001d5d   Thumb Code    14  handlers.o(i.__scatterload_zeroinit)
    fputc                                    0x08002621   Thumb Code    20  usart.o(i.fputc)
    get_sensor_data_task                     0x08002639   Thumb Code    88  task_sensor.o(i.get_sensor_data_task)
    main                                     0x080026f5   Thumb Code    46  main.o(i.main)
    osDelay                                  0x08002723   Thumb Code    26  cmsis_os2.o(i.osDelay)
    osKernelInitialize                       0x0800273d   Thumb Code    32  cmsis_os2.o(i.osKernelInitialize)
    osKernelStart                            0x08002761   Thumb Code    48  cmsis_os2.o(i.osKernelStart)
    osThreadNew                              0x08002799   Thumb Code   138  cmsis_os2.o(i.osThreadNew)
    park_state_task                          0x08002825   Thumb Code    88  task_park.o(i.park_state_task)
    pvPortMalloc                             0x08003035   Thumb Code   216  heap_4.o(i.pvPortMalloc)
    pxPortInitialiseStack                    0x08003111   Thumb Code    32  port.o(i.pxPortInitialiseStack)
    uxListRemove                             0x08003135   Thumb Code    38  list.o(i.uxListRemove)
    vApplicationGetIdleTaskMemory            0x0800315d   Thumb Code    16  cmsis_os2.o(i.vApplicationGetIdleTaskMemory)
    vApplicationGetTimerTaskMemory           0x08003171   Thumb Code    18  cmsis_os2.o(i.vApplicationGetTimerTaskMemory)
    vListInitialise                          0x08003189   Thumb Code    22  list.o(i.vListInitialise)
    vListInitialiseItem                      0x0800319f   Thumb Code     6  list.o(i.vListInitialiseItem)
    vListInsert                              0x080031a5   Thumb Code    48  list.o(i.vListInsert)
    vListInsertEnd                           0x080031d5   Thumb Code    24  list.o(i.vListInsertEnd)
    vPortEnterCritical                       0x080031ed   Thumb Code    54  port.o(i.vPortEnterCritical)
    vPortExitCritical                        0x0800322d   Thumb Code    34  port.o(i.vPortExitCritical)
    vPortFree                                0x08003255   Thumb Code    94  heap_4.o(i.vPortFree)
    vPortSetupTimerInterrupt                 0x080032b9   Thumb Code    32  port.o(i.vPortSetupTimerInterrupt)
    vPortValidateInterruptPriority           0x080032dd   Thumb Code    74  port.o(i.vPortValidateInterruptPriority)
    vQueueAddToRegistry                      0x08003331   Thumb Code    34  queue.o(i.vQueueAddToRegistry)
    vQueueWaitForMessageRestricted           0x08003359   Thumb Code    68  queue.o(i.vQueueWaitForMessageRestricted)
    vTaskDelay                               0x0800339d   Thumb Code    66  tasks.o(i.vTaskDelay)
    vTaskDelete                              0x080033e9   Thumb Code   130  tasks.o(i.vTaskDelete)
    vTaskInternalSetTimeOutState             0x08003479   Thumb Code    12  tasks.o(i.vTaskInternalSetTimeOutState)
    vTaskMissedYield                         0x08003489   Thumb Code     8  tasks.o(i.vTaskMissedYield)
    vTaskPlaceOnEventList                    0x08003495   Thumb Code    44  tasks.o(i.vTaskPlaceOnEventList)
    vTaskPlaceOnEventListRestricted          0x080034c5   Thumb Code    52  tasks.o(i.vTaskPlaceOnEventListRestricted)
    vTaskStartScheduler                      0x080034fd   Thumb Code   118  tasks.o(i.vTaskStartScheduler)
    vTaskSuspendAll                          0x08003585   Thumb Code    10  tasks.o(i.vTaskSuspendAll)
    vTaskSwitchContext                       0x08003595   Thumb Code    90  tasks.o(i.vTaskSwitchContext)
    xPortStartScheduler                      0x080035f9   Thumb Code   154  port.o(i.xPortStartScheduler)
    xPortSysTickHandler                      0x080036a1   Thumb Code    38  port.o(i.xPortSysTickHandler)
    xQueueGenericCreateStatic                0x080036cd   Thumb Code   102  queue.o(i.xQueueGenericCreateStatic)
    xQueueGenericReset                       0x08003735   Thumb Code   132  queue.o(i.xQueueGenericReset)
    xQueueGenericSend                        0x080037bd   Thumb Code   346  queue.o(i.xQueueGenericSend)
    xQueueGenericSendFromISR                 0x0800391d   Thumb Code   190  queue.o(i.xQueueGenericSendFromISR)
    xQueueReceive                            0x080039dd   Thumb Code   308  queue.o(i.xQueueReceive)
    xTaskCheckForTimeOut                     0x08003b15   Thumb Code   112  tasks.o(i.xTaskCheckForTimeOut)
    xTaskCreate                              0x08003b89   Thumb Code    90  tasks.o(i.xTaskCreate)
    xTaskCreateStatic                        0x08003be3   Thumb Code    86  tasks.o(i.xTaskCreateStatic)
    xTaskGetSchedulerState                   0x08003c39   Thumb Code    22  tasks.o(i.xTaskGetSchedulerState)
    xTaskGetTickCount                        0x08003c55   Thumb Code     6  tasks.o(i.xTaskGetTickCount)
    xTaskIncrementTick                       0x08003c61   Thumb Code   192  tasks.o(i.xTaskIncrementTick)
    xTaskPriorityDisinherit                  0x08003d29   Thumb Code   118  tasks.o(i.xTaskPriorityDisinherit)
    xTaskRemoveFromEventList                 0x08003da9   Thumb Code    98  tasks.o(i.xTaskRemoveFromEventList)
    xTaskResumeAll                           0x08003e19   Thumb Code   182  tasks.o(i.xTaskResumeAll)
    xTimerCreateTimerTask                    0x08003edd   Thumb Code    78  timers.o(i.xTimerCreateTimerTask)
    xTimerGenericCommand                     0x08003f3d   Thumb Code    98  timers.o(i.xTimerGenericCommand)
    defaultTask_attributes                   0x08003fa4   Data          36  freertos.o(.constdata)
    sensorTask_attributes                    0x08003fc8   Data          36  freertos.o(.constdata)
    parkTask_attributes                      0x08003fec   Data          36  freertos.o(.constdata)
    UARTTask_attributes                      0x08004010   Data          36  freertos.o(.constdata)
    lowPowerTask_attributes                  0x08004034   Data          36  freertos.o(.constdata)
    AHBPrescTable                            0x0800406a   Data          16  system_stm32f1xx.o(.constdata)
    APBPrescTable                            0x0800407a   Data           8  system_stm32f1xx.o(.constdata)
    Region$$Table$$Base                      0x080040c4   Number         0  anon$$obj.o(Region$$Table)
    Region$$Table$$Limit                     0x080040e4   Number         0  anon$$obj.o(Region$$Table)
    Filter_Distances_Index                   0x20000000   Data           1  main.o(.data)
    defaultTaskHandle                        0x20000004   Data           4  freertos.o(.data)
    sensorTaskHandle                         0x20000008   Data           4  freertos.o(.data)
    parkTaskHandle                           0x2000000c   Data           4  freertos.o(.data)
    UARTTaskHandle                           0x20000010   Data           4  freertos.o(.data)
    lowPowerTaskHandle                       0x20000014   Data           4  freertos.o(.data)
    uwTickFreq                               0x20000018   Data           1  stm32f1xx_hal.o(.data)
    uwTickPrio                               0x2000001c   Data           4  stm32f1xx_hal.o(.data)
    uwTick                                   0x20000020   Data           4  stm32f1xx_hal.o(.data)
    SystemCoreClock                          0x20000024   Data           4  system_stm32f1xx.o(.data)
    pxCurrentTCB                             0x20000028   Data           4  tasks.o(.data)
    __stdout                                 0x200000b4   Data           4  stdout.o(.data)
    Filter_Distances                         0x200000b8   Data          40  main.o(.bss)
    ParkData                                 0x200000e0   Data          12  main.o(.bss)
    huart1                                   0x200000ec   Data          72  usart.o(.bss)
    htim2                                    0x20000134   Data          72  stm32f1xx_hal_timebase_tim.o(.bss)
    htim3                                    0x2000017c   Data          72  tim3.o(.bss)
    xQueueRegistry                           0x200001c4   Data          64  queue.o(.bss)
    __initial_sp                             0x200032c0   Data           0  startup_stm32f103xb.o(STACK)



==============================================================================

Memory Map of the image

  Image Entry point : 0x080000ed

  Load Region LR_IROM1 (Base: 0x08000000, Size: 0x0000419c, Max: 0x00010000, ABSOLUTE)

    Execution Region ER_IROM1 (Exec base: 0x08000000, Load base: 0x08000000, Size: 0x000040e4, Max: 0x00010000, ABSOLUTE)

    Exec Addr    Load Addr    Size         Type   Attr      Idx    E Section Name        Object

    0x08000000   0x08000000   0x000000ec   Data   RO            3    RESET               startup_stm32f103xb.o
    0x080000ec   0x080000ec   0x00000000   Code   RO         4868  * .ARM.Collect$$$$00000000  mc_w.l(entry.o)
    0x080000ec   0x080000ec   0x00000004   Code   RO         5158    .ARM.Collect$$$$00000001  mc_w.l(entry2.o)
    0x080000f0   0x080000f0   0x00000004   Code   RO         5161    .ARM.Collect$$$$00000004  mc_w.l(entry5.o)
    0x080000f4   0x080000f4   0x00000000   Code   RO         5163    .ARM.Collect$$$$00000008  mc_w.l(entry7b.o)
    0x080000f4   0x080000f4   0x00000000   Code   RO         5165    .ARM.Collect$$$$0000000A  mc_w.l(entry8b.o)
    0x080000f4   0x080000f4   0x00000008   Code   RO         5166    .ARM.Collect$$$$0000000B  mc_w.l(entry9a.o)
    0x080000fc   0x080000fc   0x00000000   Code   RO         5168    .ARM.Collect$$$$0000000D  mc_w.l(entry10a.o)
    0x080000fc   0x080000fc   0x00000000   Code   RO         5170    .ARM.Collect$$$$0000000F  mc_w.l(entry11a.o)
    0x080000fc   0x080000fc   0x00000004   Code   RO         5159    .ARM.Collect$$$$00002712  mc_w.l(entry2.o)
    0x08000100   0x08000100   0x00000096   Code   RO         4602    .emb_text           port.o
    0x08000196   0x08000196   0x00000002   PAD
    0x08000198   0x08000198   0x00000024   Code   RO            4    .text               startup_stm32f103xb.o
    0x080001bc   0x080001bc   0x00000020   Code   RO         4871    .text               mc_w.l(llushr.o)
    0x080001dc   0x080001dc   0x00000024   Code   RO         4873    .text               mc_w.l(memcpya.o)
    0x08000200   0x08000200   0x00000024   Code   RO         4877    .text               mc_w.l(memseta.o)
    0x08000224   0x08000224   0x000000b0   Code   RO         5142    .text               mf_w.l(fadd.o)
    0x080002d4   0x080002d4   0x00000018   Code   RO         5144    .text               mf_w.l(fscalb.o)
    0x080002ec   0x080002ec   0x000000e4   Code   RO         5146    .text               mf_w.l(dmul.o)
    0x080003d0   0x080003d0   0x0000001a   Code   RO         5148    .text               mf_w.l(dfltui.o)
    0x080003ea   0x080003ea   0x00000026   Code   RO         5150    .text               mf_w.l(f2d.o)
    0x08000410   0x08000410   0x00000038   Code   RO         5152    .text               mf_w.l(d2f.o)
    0x08000448   0x08000448   0x00000014   Code   RO         5154    .text               mf_w.l(cfcmple.o)
    0x0800045c   0x0800045c   0x00000014   Code   RO         5156    .text               mf_w.l(cfrcmple.o)
    0x08000470   0x08000470   0x0000002c   Code   RO         5173    .text               mc_w.l(uidiv.o)
    0x0800049c   0x0800049c   0x00000062   Code   RO         5175    .text               mc_w.l(uldiv.o)
    0x080004fe   0x080004fe   0x00000000   Code   RO         5177    .text               mc_w.l(iusefp.o)
    0x080004fe   0x080004fe   0x0000006e   Code   RO         5178    .text               mf_w.l(fepilogue.o)
    0x0800056c   0x0800056c   0x000000ba   Code   RO         5180    .text               mf_w.l(depilogue.o)
    0x08000626   0x08000626   0x0000014e   Code   RO         5182    .text               mf_w.l(dadd.o)
    0x08000774   0x08000774   0x000000de   Code   RO         5184    .text               mf_w.l(ddiv.o)
    0x08000852   0x08000852   0x00000030   Code   RO         5186    .text               mf_w.l(dfixul.o)
    0x08000882   0x08000882   0x00000002   PAD
    0x08000884   0x08000884   0x00000030   Code   RO         5188    .text               mf_w.l(cdrcmple.o)
    0x080008b4   0x080008b4   0x00000024   Code   RO         5190    .text               mc_w.l(init.o)
    0x080008d8   0x080008d8   0x0000001e   Code   RO         5192    .text               mc_w.l(llshl.o)
    0x080008f6   0x080008f6   0x00000024   Code   RO         5194    .text               mc_w.l(llsshr.o)
    0x0800091a   0x0800091a   0x00000002   Code   RO          357    i.BusFault_Handler  stm32f1xx_it.o
    0x0800091c   0x0800091c   0x00000002   Code   RO          358    i.DebugMon_Handler  stm32f1xx_it.o
    0x0800091e   0x0800091e   0x00000004   Code   RO           13    i.Error_Handler     main.o
    0x08000922   0x08000922   0x00000002   PAD
    0x08000924   0x08000924   0x000000a4   Code   RO         4736    i.Filter_GetValue   filter.o
    0x080009c8   0x080009c8   0x00000024   Code   RO         4737    i.Filter_Init       filter.o
    0x080009ec   0x080009ec   0x000001e0   Code   RO         1863    i.HAL_GPIO_Init     stm32f1xx_hal_gpio.o
    0x08000bcc   0x08000bcc   0x0000000a   Code   RO         1865    i.HAL_GPIO_ReadPin  stm32f1xx_hal_gpio.o
    0x08000bd6   0x08000bd6   0x0000000a   Code   RO         1867    i.HAL_GPIO_WritePin  stm32f1xx_hal_gpio.o
    0x08000be0   0x08000be0   0x0000000c   Code   RO         1557    i.HAL_GetTick       stm32f1xx_hal.o
    0x08000bec   0x08000bec   0x00000010   Code   RO         1563    i.HAL_IncTick       stm32f1xx_hal.o
    0x08000bfc   0x08000bfc   0x00000024   Code   RO         1564    i.HAL_Init          stm32f1xx_hal.o
    0x08000c20   0x08000c20   0x00000098   Code   RO          445    i.HAL_InitTick      stm32f1xx_hal_timebase_tim.o
    0x08000cb8   0x08000cb8   0x00000048   Code   RO          421    i.HAL_MspInit       stm32f1xx_hal_msp.o
    0x08000d00   0x08000d00   0x0000001a   Code   RO         2023    i.HAL_NVIC_EnableIRQ  stm32f1xx_hal_cortex.o
    0x08000d1a   0x08000d1a   0x00000002   PAD
    0x08000d1c   0x08000d1c   0x00000040   Code   RO         2029    i.HAL_NVIC_SetPriority  stm32f1xx_hal_cortex.o
    0x08000d5c   0x08000d5c   0x00000024   Code   RO         2030    i.HAL_NVIC_SetPriorityGrouping  stm32f1xx_hal_cortex.o
    0x08000d80   0x08000d80   0x0000012c   Code   RO         1721    i.HAL_RCC_ClockConfig  stm32f1xx_hal_rcc.o
    0x08000eac   0x08000eac   0x00000040   Code   RO         1725    i.HAL_RCC_GetClockConfig  stm32f1xx_hal_rcc.o
    0x08000eec   0x08000eec   0x00000020   Code   RO         1728    i.HAL_RCC_GetPCLK1Freq  stm32f1xx_hal_rcc.o
    0x08000f0c   0x08000f0c   0x00000020   Code   RO         1729    i.HAL_RCC_GetPCLK2Freq  stm32f1xx_hal_rcc.o
    0x08000f2c   0x08000f2c   0x0000004c   Code   RO         1730    i.HAL_RCC_GetSysClockFreq  stm32f1xx_hal_rcc.o
    0x08000f78   0x08000f78   0x00000320   Code   RO         1733    i.HAL_RCC_OscConfig  stm32f1xx_hal_rcc.o
    0x08001298   0x08001298   0x00000002   Code   RO         1279    i.HAL_TIMEx_BreakCallback  stm32f1xx_hal_tim_ex.o
    0x0800129a   0x0800129a   0x00000002   Code   RO         1280    i.HAL_TIMEx_CommutCallback  stm32f1xx_hal_tim_ex.o
    0x0800129c   0x0800129c   0x0000005a   Code   RO          575    i.HAL_TIM_Base_Init  stm32f1xx_hal_tim.o
    0x080012f6   0x080012f6   0x00000002   Code   RO          577    i.HAL_TIM_Base_MspInit  stm32f1xx_hal_tim.o
    0x080012f8   0x080012f8   0x00000050   Code   RO          578    i.HAL_TIM_Base_Start  stm32f1xx_hal_tim.o
    0x08001348   0x08001348   0x00000058   Code   RO          580    i.HAL_TIM_Base_Start_IT  stm32f1xx_hal_tim.o
    0x080013a0   0x080013a0   0x00000026   Code   RO          581    i.HAL_TIM_Base_Stop  stm32f1xx_hal_tim.o
    0x080013c6   0x080013c6   0x00000002   Code   RO          609    i.HAL_TIM_IC_CaptureCallback  stm32f1xx_hal_tim.o
    0x080013c8   0x080013c8   0x00000130   Code   RO          623    i.HAL_TIM_IRQHandler  stm32f1xx_hal_tim.o
    0x080014f8   0x080014f8   0x00000002   Code   RO          626    i.HAL_TIM_OC_DelayElapsedCallback  stm32f1xx_hal_tim.o
    0x080014fa   0x080014fa   0x00000002   Code   RO          653    i.HAL_TIM_PWM_PulseFinishedCallback  stm32f1xx_hal_tim.o
    0x080014fc   0x080014fc   0x0000000e   Code   RO           14    i.HAL_TIM_PeriodElapsedCallback  main.o
    0x0800150a   0x0800150a   0x00000002   Code   RO          666    i.HAL_TIM_TriggerCallback  stm32f1xx_hal_tim.o
    0x0800150c   0x0800150c   0x00000064   Code   RO         2553    i.HAL_UART_Init     stm32f1xx_hal_uart.o
    0x08001570   0x08001570   0x00000070   Code   RO          310    i.HAL_UART_MspInit  usart.o
    0x080015e0   0x080015e0   0x000000a0   Code   RO         2561    i.HAL_UART_Transmit  stm32f1xx_hal_uart.o
    0x08001680   0x08001680   0x000000a8   Code   RO         4682    i.HC_SR04_GetDistance  hc_sr04.o
    0x08001728   0x08001728   0x00000078   Code   RO         4683    i.HC_SR04_Init      hc_sr04.o
    0x080017a0   0x080017a0   0x00000002   Code   RO          359    i.HardFault_Handler  stm32f1xx_it.o
    0x080017a2   0x080017a2   0x00000002   PAD
    0x080017a4   0x080017a4   0x00000078   Code   RO         4712    i.LED_Init          led.o
    0x0800181c   0x0800181c   0x00000020   Code   RO          236    i.MX_FREERTOS_Init  freertos.o
    0x0800183c   0x0800183c   0x00000054   Code   RO          311    i.MX_USART1_UART_Init  usart.o
    0x08001890   0x08001890   0x00000002   Code   RO          360    i.MemManage_Handler  stm32f1xx_it.o
    0x08001892   0x08001892   0x00000002   Code   RO          361    i.NMI_Handler       stm32f1xx_it.o
    0x08001894   0x08001894   0x00000018   Code   RO         4769    i.ParkState_Init    park_state.o
    0x080018ac   0x080018ac   0x00000038   Code   RO         4770    i.ParkState_Update  park_state.o
    0x080018e4   0x080018e4   0x000000a8   Code   RO          237    i.StartDefaultTask  freertos.o
    0x0800198c   0x0800198c   0x0000001a   Code   RO         4034    i.SysTick_Handler   cmsis_os2.o
    0x080019a6   0x080019a6   0x0000005e   Code   RO           15    i.SystemClock_Config  main.o
    0x08001a04   0x08001a04   0x00000002   Code   RO         2887    i.SystemInit        system_stm32f1xx.o
    0x08001a06   0x08001a06   0x00000002   PAD
    0x08001a08   0x08001a08   0x0000000c   Code   RO          362    i.TIM2_IRQHandler   stm32f1xx_it.o
    0x08001a14   0x08001a14   0x00000010   Code   RO          484    i.TIM3_ClearCnt     tim3.o
    0x08001a24   0x08001a24   0x0000000c   Code   RO          485    i.TIM3_GetCnt       tim3.o
    0x08001a30   0x08001a30   0x00000084   Code   RO          486    i.TIM3_Init         tim3.o
    0x08001ab4   0x08001ab4   0x00000014   Code   RO          487    i.TIM3_Start        tim3.o
    0x08001ac8   0x08001ac8   0x00000014   Code   RO          488    i.TIM3_Stop         tim3.o
    0x08001adc   0x08001adc   0x00000078   Code   RO          668    i.TIM_Base_SetConfig  stm32f1xx_hal_tim.o
    0x08001b54   0x08001b54   0x0000000c   Code   RO          238    i.Task_LowPower     freertos.o
    0x08001b60   0x08001b60   0x0000000c   Code   RO          239    i.Task_Park         freertos.o
    0x08001b6c   0x08001b6c   0x00000018   Code   RO          240    i.Task_Sensor       freertos.o
    0x08001b84   0x08001b84   0x0000000c   Code   RO          241    i.Task_UART         freertos.o
    0x08001b90   0x08001b90   0x0000004e   Code   RO         2576    i.UART_EndRxTransfer  stm32f1xx_hal_uart.o
    0x08001bde   0x08001bde   0x00000002   PAD
    0x08001be0   0x08001be0   0x000000b8   Code   RO         2579    i.UART_SetConfig    stm32f1xx_hal_uart.o
    0x08001c98   0x08001c98   0x00000072   Code   RO         2582    i.UART_WaitOnFlagUntilTimeout  stm32f1xx_hal_uart.o
    0x08001d0a   0x08001d0a   0x00000002   Code   RO          363    i.UsageFault_Handler  stm32f1xx_it.o
    0x08001d0c   0x08001d0c   0x00000020   Code   RO         5114    i.__0printf         mc_w.l(printfa.o)
    0x08001d2c   0x08001d2c   0x00000020   Code   RO         2036    i.__NVIC_SetPriority  stm32f1xx_hal_cortex.o
    0x08001d4c   0x08001d4c   0x0000000e   Code   RO         5198    i.__scatterload_copy  mc_w.l(handlers.o)
    0x08001d5a   0x08001d5a   0x00000002   Code   RO         5199    i.__scatterload_null  mc_w.l(handlers.o)
    0x08001d5c   0x08001d5c   0x0000000e   Code   RO         5200    i.__scatterload_zeroinit  mc_w.l(handlers.o)
    0x08001d6a   0x08001d6a   0x00000002   PAD
    0x08001d6c   0x08001d6c   0x00000184   Code   RO         5121    i._fp_digits        mc_w.l(printfa.o)
    0x08001ef0   0x08001ef0   0x000006dc   Code   RO         5122    i._printf_core      mc_w.l(printfa.o)
    0x080025cc   0x080025cc   0x00000024   Code   RO         5123    i._printf_post_padding  mc_w.l(printfa.o)
    0x080025f0   0x080025f0   0x0000002e   Code   RO         5124    i._printf_pre_padding  mc_w.l(printfa.o)
    0x0800261e   0x0800261e   0x00000002   PAD
    0x08002620   0x08002620   0x00000018   Code   RO          312    i.fputc             usart.o
    0x08002638   0x08002638   0x000000bc   Code   RO         4840    i.get_sensor_data_task  task_sensor.o
    0x080026f4   0x080026f4   0x0000002e   Code   RO           16    i.main              main.o
    0x08002722   0x08002722   0x0000001a   Code   RO         4036    i.osDelay           cmsis_os2.o
    0x0800273c   0x0800273c   0x00000024   Code   RO         4050    i.osKernelInitialize  cmsis_os2.o
    0x08002760   0x08002760   0x00000038   Code   RO         4053    i.osKernelStart     cmsis_os2.o
    0x08002798   0x08002798   0x0000008a   Code   RO         4095    i.osThreadNew       cmsis_os2.o
    0x08002822   0x08002822   0x00000002   PAD
    0x08002824   0x08002824   0x0000007c   Code   RO         4816    i.park_state_task   task_park.o
    0x080028a0   0x080028a0   0x0000005c   Code   RO         3495    i.prvAddCurrentTaskToDelayedList  tasks.o
    0x080028fc   0x080028fc   0x000000d0   Code   RO         3496    i.prvAddNewTaskToReadyList  tasks.o
    0x080029cc   0x080029cc   0x00000058   Code   RO         3860    i.prvCheckForValidListAndQueue  timers.o
    0x08002a24   0x08002a24   0x00000026   Code   RO         3092    i.prvCopyDataFromQueue  queue.o
    0x08002a4a   0x08002a4a   0x0000006c   Code   RO         3093    i.prvCopyDataToQueue  queue.o
    0x08002ab6   0x08002ab6   0x00000034   Code   RO         3497    i.prvDeleteTCB      tasks.o
    0x08002aea   0x08002aea   0x00000002   PAD
    0x08002aec   0x08002aec   0x0000004c   Code   RO         4547    i.prvHeapInit       heap_4.o
    0x08002b38   0x08002b38   0x00000060   Code   RO         3498    i.prvIdleTask       tasks.o
    0x08002b98   0x08002b98   0x00000022   Code   RO         3095    i.prvInitialiseNewQueue  queue.o
    0x08002bba   0x08002bba   0x00000002   PAD
    0x08002bbc   0x08002bbc   0x000000b0   Code   RO         3499    i.prvInitialiseNewTask  tasks.o
    0x08002c6c   0x08002c6c   0x0000004c   Code   RO         4548    i.prvInsertBlockIntoFreeList  heap_4.o
    0x08002cb8   0x08002cb8   0x00000038   Code   RO         3862    i.prvInsertTimerInActiveList  timers.o
    0x08002cf0   0x08002cf0   0x0000001c   Code   RO         3096    i.prvIsQueueEmpty   queue.o
    0x08002d0c   0x08002d0c   0x000000fc   Code   RO         3863    i.prvProcessReceivedCommands  timers.o
    0x08002e08   0x08002e08   0x000000c0   Code   RO         3864    i.prvProcessTimerOrBlockTask  timers.o
    0x08002ec8   0x08002ec8   0x00000020   Code   RO         3501    i.prvResetNextTaskUnblockTime  tasks.o
    0x08002ee8   0x08002ee8   0x00000028   Code   RO         3865    i.prvSampleTimeNow  timers.o
    0x08002f10   0x08002f10   0x0000006c   Code   RO         3866    i.prvSwitchTimerLists  timers.o
    0x08002f7c   0x08002f7c   0x00000028   Code   RO         4603    i.prvTaskExitError  port.o
    0x08002fa4   0x08002fa4   0x00000024   Code   RO         3867    i.prvTimerTask      timers.o
    0x08002fc8   0x08002fc8   0x0000006a   Code   RO         3097    i.prvUnlockQueue    queue.o
    0x08003032   0x08003032   0x00000002   PAD
    0x08003034   0x08003034   0x000000dc   Code   RO         4549    i.pvPortMalloc      heap_4.o
    0x08003110   0x08003110   0x00000024   Code   RO         4604    i.pxPortInitialiseStack  port.o
    0x08003134   0x08003134   0x00000026   Code   RO         3052    i.uxListRemove      list.o
    0x0800315a   0x0800315a   0x00000002   PAD
    0x0800315c   0x0800315c   0x00000014   Code   RO         4107    i.vApplicationGetIdleTaskMemory  cmsis_os2.o
    0x08003170   0x08003170   0x00000018   Code   RO         4108    i.vApplicationGetTimerTaskMemory  cmsis_os2.o
    0x08003188   0x08003188   0x00000016   Code   RO         3053    i.vListInitialise   list.o
    0x0800319e   0x0800319e   0x00000006   Code   RO         3054    i.vListInitialiseItem  list.o
    0x080031a4   0x080031a4   0x00000030   Code   RO         3055    i.vListInsert       list.o
    0x080031d4   0x080031d4   0x00000018   Code   RO         3056    i.vListInsertEnd    list.o
    0x080031ec   0x080031ec   0x00000040   Code   RO         4606    i.vPortEnterCritical  port.o
    0x0800322c   0x0800322c   0x00000028   Code   RO         4607    i.vPortExitCritical  port.o
    0x08003254   0x08003254   0x00000064   Code   RO         4550    i.vPortFree         heap_4.o
    0x080032b8   0x080032b8   0x00000024   Code   RO         4608    i.vPortSetupTimerInterrupt  port.o
    0x080032dc   0x080032dc   0x00000054   Code   RO         4609    i.vPortValidateInterruptPriority  port.o
    0x08003330   0x08003330   0x00000028   Code   RO         3103    i.vQueueAddToRegistry  queue.o
    0x08003358   0x08003358   0x00000044   Code   RO         3107    i.vQueueWaitForMessageRestricted  queue.o
    0x0800339c   0x0800339c   0x0000004c   Code   RO         3514    i.vTaskDelay        tasks.o
    0x080033e8   0x080033e8   0x00000090   Code   RO         3516    i.vTaskDelete       tasks.o
    0x08003478   0x08003478   0x00000010   Code   RO         3519    i.vTaskInternalSetTimeOutState  tasks.o
    0x08003488   0x08003488   0x0000000c   Code   RO         3520    i.vTaskMissedYield  tasks.o
    0x08003494   0x08003494   0x00000030   Code   RO         3522    i.vTaskPlaceOnEventList  tasks.o
    0x080034c4   0x080034c4   0x00000038   Code   RO         3523    i.vTaskPlaceOnEventListRestricted  tasks.o
    0x080034fc   0x080034fc   0x00000088   Code   RO         3531    i.vTaskStartScheduler  tasks.o
    0x08003584   0x08003584   0x00000010   Code   RO         3533    i.vTaskSuspendAll   tasks.o
    0x08003594   0x08003594   0x00000064   Code   RO         3534    i.vTaskSwitchContext  tasks.o
    0x080035f8   0x080035f8   0x000000a8   Code   RO         4610    i.xPortStartScheduler  port.o
    0x080036a0   0x080036a0   0x0000002c   Code   RO         4611    i.xPortSysTickHandler  port.o
    0x080036cc   0x080036cc   0x00000066   Code   RO         3113    i.xQueueGenericCreateStatic  queue.o
    0x08003732   0x08003732   0x00000002   PAD
    0x08003734   0x08003734   0x00000088   Code   RO         3114    i.xQueueGenericReset  queue.o
    0x080037bc   0x080037bc   0x00000160   Code   RO         3115    i.xQueueGenericSend  queue.o
    0x0800391c   0x0800391c   0x000000be   Code   RO         3116    i.xQueueGenericSendFromISR  queue.o
    0x080039da   0x080039da   0x00000002   PAD
    0x080039dc   0x080039dc   0x00000138   Code   RO         3125    i.xQueueReceive     queue.o
    0x08003b14   0x08003b14   0x00000074   Code   RO         3536    i.xTaskCheckForTimeOut  tasks.o
    0x08003b88   0x08003b88   0x0000005a   Code   RO         3537    i.xTaskCreate       tasks.o
    0x08003be2   0x08003be2   0x00000056   Code   RO         3538    i.xTaskCreateStatic  tasks.o
    0x08003c38   0x08003c38   0x0000001c   Code   RO         3542    i.xTaskGetSchedulerState  tasks.o
    0x08003c54   0x08003c54   0x0000000c   Code   RO         3543    i.xTaskGetTickCount  tasks.o
    0x08003c60   0x08003c60   0x000000c8   Code   RO         3545    i.xTaskIncrementTick  tasks.o
    0x08003d28   0x08003d28   0x00000080   Code   RO         3548    i.xTaskPriorityDisinherit  tasks.o
    0x08003da8   0x08003da8   0x00000070   Code   RO         3550    i.xTaskRemoveFromEventList  tasks.o
    0x08003e18   0x08003e18   0x000000c4   Code   RO         3551    i.xTaskResumeAll    tasks.o
    0x08003edc   0x08003edc   0x00000060   Code   RO         3876    i.xTimerCreateTimerTask  timers.o
    0x08003f3c   0x08003f3c   0x00000068   Code   RO         3877    i.xTimerGenericCommand  timers.o
    0x08003fa4   0x08003fa4   0x000000b4   Data   RO          242    .constdata          freertos.o
    0x08004058   0x08004058   0x00000012   Data   RO         1734    .constdata          stm32f1xx_hal_rcc.o
    0x0800406a   0x0800406a   0x00000010   Data   RO         2888    .constdata          system_stm32f1xx.o
    0x0800407a   0x0800407a   0x00000008   Data   RO         2889    .constdata          system_stm32f1xx.o
    0x08004082   0x08004082   0x00000002   PAD
    0x08004084   0x08004084   0x00000040   Data   RO          243    .conststring        freertos.o
    0x080040c4   0x080040c4   0x00000020   Data   RO         5196    Region$$Table       anon$$obj.o


    Execution Region RW_IRAM1 (Exec base: 0x20000000, Load base: 0x080040e4, Size: 0x000032c0, Max: 0x00005000, ABSOLUTE)

    Exec Addr    Load Addr    Size         Type   Attr      Idx    E Section Name        Object

    0x20000000   0x080040e4   0x00000001   Data   RW           19    .data               main.o
    0x20000001   0x080040e5   0x00000003   PAD
    0x20000004   0x080040e8   0x00000014   Data   RW          244    .data               freertos.o
    0x20000018   0x080040fc   0x0000000c   Data   RW         1571    .data               stm32f1xx_hal.o
    0x20000024   0x08004108   0x00000004   Data   RW         2890    .data               system_stm32f1xx.o
    0x20000028   0x0800410c   0x0000003c   Data   RW         3554    .data               tasks.o
    0x20000064   0x08004148   0x00000014   Data   RW         3885    .data               timers.o
    0x20000078   0x0800415c   0x00000004   Data   RW         4110    .data               cmsis_os2.o
    0x2000007c   0x08004160   0x00000020   Data   RW         4556    .data               heap_4.o
    0x2000009c   0x08004180   0x0000000c   Data   RW         4612    .data               port.o
    0x200000a8   0x0800418c   0x00000008   Data   RW         4739    .data               filter.o
    0x200000b0   0x08004194   0x00000001   Data   RW         4771    .data               park_state.o
    0x200000b1   0x08004195   0x00000003   PAD
    0x200000b4   0x08004198   0x00000004   Data   RW         5172    .data               mc_w.l(stdout.o)
    0x200000b8        -       0x00000028   Zero   RW           17    .bss                main.o
    0x200000e0        -       0x0000000c   Zero   RW           18    .bss                main.o
    0x200000ec        -       0x00000048   Zero   RW          313    .bss                usart.o
    0x20000134        -       0x00000048   Zero   RW          448    .bss                stm32f1xx_hal_timebase_tim.o
    0x2000017c        -       0x00000048   Zero   RW          489    .bss                tim3.o
    0x200001c4        -       0x00000040   Zero   RW         3129    .bss                queue.o
    0x20000204        -       0x000004c4   Zero   RW         3553    .bss                tasks.o
    0x200006c8        -       0x00000118   Zero   RW         3884    .bss                timers.o
    0x200007e0        -       0x000006b8   Zero   RW         4109    .bss                cmsis_os2.o
    0x20000e98        -       0x00002000   Zero   RW         4555    .bss                heap_4.o
    0x20002e98        -       0x00000028   Zero   RW         4738    .bss                filter.o
    0x20002ec0        -       0x00000400   Zero   RW            1    STACK               startup_stm32f103xb.o


==============================================================================

Image component sizes


      Code (inc. data)   RO Data    RW Data    ZI Data      Debug   Object Name

       326         22          0          4       1720      58875   cmsis_os2.o
         0          0          0          0          0      19672   event_groups.o
       200         22          0          8         40       1884   filter.o
       260         98        244         20          0       4259   freertos.o
       288         58          0          0          0       1669   hc_sr04.o
       472         24          0         32       8192       4839   heap_4.o
       120         30          0          0          0        899   led.o
       138          0          0          0          0       3470   list.o
       158          0          0          1         52     441447   main.o
        80         22          0          1          0       1284   park_state.o
       662         70          0         12          0      10881   port.o
      1514         20          0          0         64      17232   queue.o
        36          8        236          0       1024        816   startup_stm32f103xb.o
        64         14          0         12          0       4718   stm32f1xx_hal.o
       158         14          0          0          0      28250   stm32f1xx_hal_cortex.o
       500         34          0          0          0       3567   stm32f1xx_hal_gpio.o
        72         10          0          0          0        898   stm32f1xx_hal_msp.o
      1304         94         18          0          0       5825   stm32f1xx_hal_rcc.o
       730         38          0          0          0       8553   stm32f1xx_hal_tim.o
         4          0          0          0          0       1617   stm32f1xx_hal_tim_ex.o
       152         18          0          0         72       1519   stm32f1xx_hal_timebase_tim.o
       636          6          0          0          0       4720   stm32f1xx_hal_uart.o
        24          6          0          0          0       3111   stm32f1xx_it.o
         0          0          0          0          0        384   stream_buffer.o
         2          0         24          4          0       1155   system_stm32f1xx.o
       124         36          0          0          0        558   task_park.o
       188        100          0          0          0        523   task_sensor.o
      2228        182          0         60       1220      27366   tasks.o
       200         70          0          0         72       2857   tim3.o
       972         80          0         20        280      32243   timers.o
       220         50          0          0         72       2254   usart.o

    ----------------------------------------------------------------------
     11858       1126        556        180      12808     697345   Object Totals
         0          0         32          0          0          0   (incl. Generated)
        26          0          2          6          0          0   (incl. Padding)

    ----------------------------------------------------------------------

      Code (inc. data)   RO Data    RW Data    ZI Data      Debug   Library Member Name

         0          0          0          0          0          0   entry.o
         0          0          0          0          0          0   entry10a.o
         0          0          0          0          0          0   entry11a.o
         8          4          0          0          0          0   entry2.o
         4          0          0          0          0          0   entry5.o
         0          0          0          0          0          0   entry7b.o
         0          0          0          0          0          0   entry8b.o
         8          4          0          0          0          0   entry9a.o
        30          0          0          0          0          0   handlers.o
        36          8          0          0          0         68   init.o
         0          0          0          0          0          0   iusefp.o
        30          0          0          0          0         68   llshl.o
        36          0          0          0          0         68   llsshr.o
        32          0          0          0          0         68   llushr.o
        36          0          0          0          0         68   memcpya.o
        36          0          0          0          0        108   memseta.o
      2258         90          0          0          0        452   printfa.o
         0          0          0          4          0          0   stdout.o
        44          0          0          0          0         80   uidiv.o
        98          0          0          0          0         92   uldiv.o
        48          0          0          0          0         68   cdrcmple.o
        20          0          0          0          0         68   cfcmple.o
        20          0          0          0          0         68   cfrcmple.o
        56          0          0          0          0         88   d2f.o
       334          0          0          0          0        148   dadd.o
       222          0          0          0          0        100   ddiv.o
       186          0          0          0          0        176   depilogue.o
        48          0          0          0          0         68   dfixul.o
        26          0          0          0          0         76   dfltui.o
       228          0          0          0          0         96   dmul.o
        38          0          0          0          0         68   f2d.o
       176          0          0          0          0        140   fadd.o
       110          0          0          0          0        168   fepilogue.o
        24          0          0          0          0         68   fscalb.o

    ----------------------------------------------------------------------
      4198        106          0          4          0       2472   Library Totals
         6          0          0          0          0          0   (incl. Padding)

    ----------------------------------------------------------------------

      Code (inc. data)   RO Data    RW Data    ZI Data      Debug   Library Name

      2656        106          0          4          0       1072   mc_w.l
      1536          0          0          0          0       1400   mf_w.l

    ----------------------------------------------------------------------
      4198        106          0          4          0       2472   Library Totals

    ----------------------------------------------------------------------

==============================================================================


      Code (inc. data)   RO Data    RW Data    ZI Data      Debug   

     16056       1232        556        184      12808     691493   Grand Totals
     16056       1232        556        184      12808     691493   ELF Image Totals
     16056       1232        556        184          0          0   ROM Totals

==============================================================================

    Total RO  Size (Code + RO Data)                16612 (  16.22kB)
    Total RW  Size (RW Data + ZI Data)             12992 (  12.69kB)
    Total ROM Size (Code + RO Data + RW Data)      16796 (  16.40kB)

==============================================================================

