<html>
<body>
<pre>
<h1>�Vision Build Log</h1>
<h2>Tool Versions:</h2>
IDE-Version: ��Vision V5.38.0.0
Copyright (C) 2022 ARM Ltd and ARM Germany GmbH. All rights reserved.
License Information: C WQLYK, CWQLYK, LIC=9WSKC-7ZWEX-Z99G9-4E5WL-KGD9M-B079C
 
Tool Versions:
Toolchain:       MDK-ARM Plus  Version: 5.24.1
Toolchain Path:  D:\keil5\ARM\ARMCC\Bin
C Compiler:      Armcc.exe V5.06 update 5 (build 528)
Assembler:       Armasm.exe V5.06 update 5 (build 528)
Linker/Locator:  ArmLink.exe V5.06 update 5 (build 528)
Library Manager: ArmAr.exe V5.06 update 5 (build 528)
Hex Converter:   FromElf.exe V5.06 update 5 (build 528)
CPU DLL:         SARMCM3.DLL V5.24.1
Dialog DLL:      DCM.DLL V1.16.0.0
Target DLL:      STLink\ST-LINKIII-KEIL_SWO.dll V3.0.1.0
Dialog DLL:      TCM.DLL V1.32.0.0
 
<h2>Project:</h2>
D:\my\DanPianJi\Project\SmartParkingEdgeTerminal\STM32_1\STM32_1\MDK-ARM\STM32_1.uvprojx
Project File Date:  04/30/2026

<h2>Output:</h2>
*** Using Compiler 'V5.06 update 5 (build 528)', folder: 'D:\keil5\ARM\ARMCC\Bin'
Rebuild target 'STM32_1'
assembling startup_stm32f103xb.s...
compiling stm32f1xx_hal_gpio_ex.c...
compiling stm32f1xx_it.c...
compiling usart.c...
compiling stm32f1xx_hal_gpio.c...
compiling stm32f1xx_hal_rcc_ex.c...
compiling stm32f1xx_hal.c...
compiling stm32f1xx_hal_timebase_tim.c...
compiling gpio.c...
compiling stm32f1xx_hal_tim_ex.c...
compiling tim3.c...
compiling freertos.c...
../Core/Src/freertos.c(190): warning:  #870-D: invalid multibyte character sequence
      printf("获取传感器数�?: 原始距离=%.2f cm, 滤波后距�?=%.2f cm\r\n", ParkData.raw_dist, ParkData.filter_dist);
../Core/Src/freertos.c(190): warning:  #870-D: invalid multibyte character sequence
      printf("获取传感器数�?: 原始距离=%.2f cm, 滤波后距�?=%.2f cm\r\n", ParkData.raw_dist, ParkData.filter_dist);
../Core/Src/freertos.c(202): warning:  #870-D: invalid multibyte character sequence
      printf("检测车位状�?...\r\n");
../Core/Src/freertos.c: 3 warnings, 0 errors
compiling stm32f1xx_hal_msp.c...
compiling main.c...
compiling stm32f1xx_hal_rcc.c...
compiling croutine.c...
compiling event_groups.c...
compiling list.c...
compiling stream_buffer.c...
compiling stm32f1xx_hal_tim.c...
compiling queue.c...
compiling timers.c...
compiling heap_4.c...
compiling tasks.c...
compiling port.c...
compiling tinyml_infer.c...
compiling stm32f1xx_hal_exti.c...
compiling stm32f1xx_hal_pwr.c...
compiling task_lowpower.c...
compiling stm32f1xx_hal_flash_ex.c...
compiling stm32f1xx_hal_flash.c...
compiling system_stm32f1xx.c...
compiling stm32f1xx_hal_cortex.c...
compiling stm32f1xx_hal_dma.c...
compiling stm32f1xx_hal_uart.c...
compiling filter.c...
..\Algorithm\src\filter.c(44): warning:  #223-D: function "fabsf" declared implicitly
      else if (fabsf(new_value - last_valid_data) > MAX_DELTA)
..\Algorithm\src\filter.c: 1 warning, 0 errors
compiling uart_comm.c...
..\Hardware\src\uart_comm.c(67): warning:  #870-D: invalid multibyte character sequence
          printf("发送数据帧: 从机地址=0x%02X, 车位状�?=%d\r\n", slave_addr, state);
..\Hardware\src\uart_comm.c: 1 warning, 0 errors
compiling led.c...
compiling HC_SR04.c...
compiling park_state.c...
compiling ai_parking.c...
compiling task_park.c...
..\App\src\task_park.c(10): warning:  #870-D: invalid multibyte character sequence
      printf("当前车位状�?: %d\r\n", ParkData.park_state);
..\App\src\task_park.c: 1 warning, 0 errors
compiling task_uart.c...
compiling task_sensor.c...
..\App\src\task_sensor.c(26): warning:  #870-D: invalid multibyte character sequence
          printf("原始距离: %.2f cm, 滤波后距�?: %.2f cm\r\n", ParkData.raw_dist, ParkData.filter_dist);
..\App\src\task_sensor.c: 1 warning, 0 errors
compiling protocol_master.c...
compiling cmsis_os2.c...
linking...
Program Size: Code=19144 RO-data=1960 RW-data=196 ZI-data=7892  
FromELF: creating hex file...
"STM32_1\STM32_1.axf" - 0 Error(s), 7 Warning(s).

<h2>Software Packages used:</h2>

Package Vendor: ARM
                http://www.keil.com/pack/ARM.CMSIS.5.0.1.pack
                ARM.CMSIS.5.0.1
                CMSIS (Cortex Microcontroller Software Interface Standard)
   * Component: CORE Version: 5.0.1

Package Vendor: Keil
                http://www.keil.com/pack/Keil.STM32F1xx_DFP.2.2.0.pack
                Keil.STM32F1xx_DFP.2.2.0
                STMicroelectronics STM32F1 Series Device Support, Drivers and Examples

<h2>Collection of Component include folders:</h2>
  ./RTE/_STM32_1
  D:/keil5/ARM/PACK/ARM/CMSIS/5.0.1/CMSIS/Include
  D:/keil5/ARM/PACK/Keil/STM32F1xx_DFP/2.2.0/Device/Include

<h2>Collection of Component Files used:</h2>

   * Component: ARM::CMSIS:CORE:5.0.1
Build Time Elapsed:  00:00:07
</pre>
</body>
</html>
