<html>
<body>
<pre>
<h1>�Vision Build Log</h1>
<h2>Tool Versions:</h2>
IDE-Version: ��Vision V5.38.0.0
Copyright (C) 2022 ARM Ltd and ARM Germany GmbH. All rights reserved.
License Information: C WQLYK, CWQLYK, LIC=9WSKC-7ZWEX-Z99G9-4E5WL-KGD9M-B079C
 
Tool Versions:
Toolchain:       MDK-ARM Plus  Version: 5.24.1
Toolchain Path:  D:\keil5\ARM\ARMCC\Bin
C Compiler:      Armcc.exe V5.06 update 5 (build 528)
Assembler:       Armasm.exe V5.06 update 5 (build 528)
Linker/Locator:  ArmLink.exe V5.06 update 5 (build 528)
Library Manager: ArmAr.exe V5.06 update 5 (build 528)
Hex Converter:   FromElf.exe V5.06 update 5 (build 528)
CPU DLL:         SARMCM3.DLL V5.24.1
Dialog DLL:      DCM.DLL V1.16.0.0
Target DLL:      STLink\ST-LINKIII-KEIL_SWO.dll V3.0.1.0
Dialog DLL:      TCM.DLL V1.32.0.0
 
<h2>Project:</h2>
D:\my\DanPianJi\Project\SmartParkingEdgeTerminal\STM32_1\STM32_1\MDK-ARM\STM32_1.uvprojx
Project File Date:  04/29/2026

<h2>Output:</h2>
*** Using Compiler 'V5.06 update 5 (build 528)', folder: 'D:\keil5\ARM\ARMCC\Bin'
Build target 'STM32_1'
compiling freertos.c...
../Core/Src/freertos.c(198): warning:  #870-D: invalid multibyte character sequence
        printf("滤波后距�?: %.2f cm\r\n", ParkData.filter_dist);
../Core/Src/freertos.c(212): warning:  #870-D: invalid multibyte character sequence
      printf("开始判断车位状�?...\r\n");
../Core/Src/freertos.c(215): warning:  #870-D: invalid multibyte character sequence
      printf("当前车位状�?: %d\r\n", ParkData.park_state);
../Core/Src/freertos.c(255): warning:  #870-D: invalid multibyte character sequence
      printf("低功耗模式，开始检测车位状�?...\r\n");
../Core/Src/freertos.c: 4 warnings, 0 errors
linking...
Program Size: Code=16312 RO-data=556 RW-data=180 ZI-data=12772  
FromELF: creating hex file...
"STM32_1\STM32_1.axf" - 0 Error(s), 4 Warning(s).

<h2>Software Packages used:</h2>

Package Vendor: ARM
                http://www.keil.com/pack/ARM.CMSIS.5.0.1.pack
                ARM.CMSIS.5.0.1
                CMSIS (Cortex Microcontroller Software Interface Standard)
   * Component: CORE Version: 5.0.1

Package Vendor: Keil
                http://www.keil.com/pack/Keil.STM32F1xx_DFP.2.2.0.pack
                Keil.STM32F1xx_DFP.2.2.0
                STMicroelectronics STM32F1 Series Device Support, Drivers and Examples

<h2>Collection of Component include folders:</h2>
  ./RTE/_STM32_1
  D:/keil5/ARM/PACK/ARM/CMSIS/5.0.1/CMSIS/Include
  D:/keil5/ARM/PACK/Keil/STM32F1xx_DFP/2.2.0/Device/Include

<h2>Collection of Component Files used:</h2>

   * Component: ARM::CMSIS:CORE:5.0.1
Build Time Elapsed:  00:00:01
</pre>
</body>
</html>
